Siesta Version  : 5.0.0-alpha-40-ga3d58f0c9-dirty
Architecture    : x86_64-linux-gcc
Compiler version: GNU Fortran (GCC) 9.3.0
Compiler flags  : mpifort -fPIC -Og -g -pedantic -Wall -fcheck=all -fbacktrace -Warray-bounds -Wunused -Wuninitialized -Waliasing -fno-second-underscore -Wrealloc-lhs -Wrealloc-lhs-all
PP flags        : -DSIESTA__FLOOK -DSIESTA__METIS -DSIESTA__FFTW -DTS_PVT_METIS -DSIESTA__MRRR -DSIESTA__SCALAPACK_RESET -DMPI -DFC_HAVE_FLUSH -DFC_HAVE_ABORT -DCDF -DGRID_DP -DMPI_TIMING -DTRANSIESTA_TIMING -DTBTRANS_TIMING -DSIESTA__MUMPS -DNCDF_PARALLEL -DNCDF -DNCDF_4 -DSCALAPACK_DEBUG -D_DIAG_WORK -DSIESTA__DIAG_2STAGE -DSIESTA__ELPA
Libraries       : libncdf.a libfdict.a  -lzmumps -lmumps_common -lpord -lparmetis -lmetis -lesmumps -lscotch -lscotcherr -L/opt/gnu/9.3.0/elpa-debug/2020.05.001/lib -Wl,-rpath=/opt/gnu/9.3.0/elpa-debug/2020.05.001/lib -lelpa -L/opt/gnu/9.3.0/scalapack-debug/2.1.0/lib -Wl,-rpath=/opt/gnu/9.3.0/scalapack-debug/2.1.0/lib -lscalapack  -L/opt/gnu/9.3.0/openblas/0.3.10/lib -Wl,-rpath=/opt/gnu/9.3.0/openblas/0.3.10/lib -lopenblas -L/home/nicpa/codes/flook/obj -lflookall -ldl -l:libnetcdff.so  -fPIC -Og -g -pedantic -Wall -fcheck=all -fbacktrace -Warray-bounds -Wunused -Wuninitialized -Waliasing -fno-second-underscore -Wrealloc-lhs -Wrealloc-lhs-all -L/opt/gnu/9.3.0/fftw/3.3.8/lib -Wl,-rpath=/opt/gnu/9.3.0/fftw/3.3.8/lib -lfftw3
Directory       : /home/nicpa/siesta/siesta/ObjBB/Tests/h_bulk_bias/work
PARALLEL version
NetCDF support
NetCDF-4 support
NetCDF-4 MPI-IO support
METIS ordering support
Lua support

* Running on 2 nodes in parallel
>> Start of run:   2-SEP-2021  12:29:54

                           ***********************       
                           *  WELCOME TO SIESTA  *       
                           ***********************       

reinit: Reading from ../h_bulk_bias.fdf

reinit: -----------------------------------------------------------------------
reinit: System Name: H chain
reinit: -----------------------------------------------------------------------
reinit: System Label: h_bulk_bias
reinit: -----------------------------------------------------------------------

initatom: Reading input for the pseudopotentials and atomic orbitals ----------
Species number:   1 Atomic number:    1 Label: H

Ground state valence configuration:   1s01
Reading pseudopotential information in formatted form from H.psf

Valence configuration for pseudopotential generation:
1s( 1.00) rc: 1.25
2p( 0.00) rc: 1.25
3d( 0.00) rc: 1.25
4f( 0.00) rc: 1.25
 Reparametrization. rmax:    119.99851211799999     
 Reparametrization. New nrval:         9393
Writing pseudopotential information in formatted form to H.Reparam.psf
For H, standard SIESTA heuristics set lmxkb to 1
 (one more than the basis l, including polarization orbitals).
Use PS.lmax or PS.KBprojectors blocks to override.

<basis_specs>
===============================================================================
H                    Z=   1    Mass=  1.0100        Charge= 0.17977+309
Lmxo=0 Lmxkb= 1    BasisType=split      Semic=F
L=0  Nsemic=0  Cnfigmx=1
          i=1  nzeta=1  polorb=0  (1s)
            splnorm:   0.15000    
               vcte:    100.00    
               rinn:    4.0000    
               qcoe:    0.0000    
               qyuk:    0.0000    
               qwid:   0.10000E-01
                rcs:    5.0000    
            lambdas:    1.0000    
-------------------------------------------------------------------------------
L=0  Nkbl=1  erefs: 0.17977+309
L=1  Nkbl=1  erefs: 0.17977+309
===============================================================================
</basis_specs>

atom: Called for H                     (Z =   1)
Maximum radius (at nrval) set to   50.00000 8518

read_vps: Pseudopotential generation method:
read_vps: ATM3      Troullier-Martins                       
Valence charge for ps generation:    1.00000

xc_check: Exchange-correlation functional:
xc_check: Ceperley-Alder
V l=0 = -2*Zval/r beyond r=  1.2384
V l=1 = -2*Zval/r beyond r=  1.2321
All V_l potentials equal beyond r=  1.2371
This should be close to max(r_c) in ps generation
All pots = -2*Zval/r beyond r=  1.2384

VLOCAL1: 99.0% of the norm of Vloc inside     28.363 Ry
VLOCAL1: 99.9% of the norm of Vloc inside     64.639 Ry
atom: Maximum radius for 4*pi*r*r*local-pseudopot. charge    1.44620
atom: Maximum radius for r*vlocal+2*Zval:    1.22224

KBgen: Kleinman-Bylander projectors: 
GHOST: No ghost state for L =  0
   l= 0   rc=  1.364142   el= -0.467325   Ekb= -2.009475   kbcos= -0.336683
GHOST: No ghost state for L =  1
   l= 1   rc=  1.430269   el=  0.007549   Ekb= -0.503817   kbcos= -0.022584

KBgen: Total number of  Kleinman-Bylander projectors:    4
atom: -------------------------------------------------------------------------

atom: SANKEY-TYPE ORBITALS:

SPLIT: Orbitals with angular momentum L= 0

SPLIT: Basis orbitals for state 1s

   izeta = 1
                 lambda =    1.000000
                     rc =    5.001974
                 energy =   -0.444310
                kinetic =    0.962521
    potential(screened) =   -1.406832
       potential(ionic) =   -1.946474
atom: Total number of Sankey-type orbitals:  1

atm_pop: Valence configuration (for local Pseudopot. screening):
 1s( 1.00)                                                            
Vna: chval, zval:    1.00000   1.00000

Vna:  Cut-off radius for the neutral-atom potential:   5.001974

atom: _________________________________________________________________________

prinput: Basis input ----------------------------------------------------------

PAO.BasisType split     

%block ChemicalSpeciesLabel
    1    1 H                       # Species index, atomic number, species label
%endblock ChemicalSpeciesLabel

%block PAO.Basis                 # Define Basis set
H                     1                    # Species label, number of l-shells
 n=1   0   1                         # n, l, Nzeta 
   5.002   
   1.000   
%endblock PAO.Basis

prinput: ----------------------------------------------------------------------

Dumping basis to NetCDF file H.ion.nc
coor:   Atomic-coordinates input format  =     Cartesian coordinates
coor:                                          (in Angstroms)

siesta: Atomic coordinates (Bohr) and species
siesta:      0.00000   0.00000   0.00000  1        1
siesta:      0.00000   0.00000   2.36216  1        2
siesta:      0.00000   0.00000   4.72432  1        3

siesta: System type = chain     

initatomlists: Number of atoms, orbitals, and projectors:      3     3    12

siesta: ******************** Simulation parameters ****************************
siesta:
siesta: The following are some of the parameters of the simulation.
siesta: A complete list of the parameters used, including default values,
siesta: can be found in file out.fdf
siesta:
redata: Spin configuration                          = none
redata: Number of spin components                   = 1
redata: Time-Reversal Symmetry                      = F
redata: Spin spiral                                 = F
redata: Long output                                 =   F
redata: Number of Atomic Species                    =        1
redata: Charge density info will appear in .RHO file
redata: Write Mulliken Pop.                         = NO
redata: Matel table size (NRTAB)                    =     1024
redata: Mesh Cutoff                                 =   250.0000 Ry
redata: Net charge of the system                    =     0.0000 |e|
redata: Min. number of SCF Iter                     =        0
redata: Max. number of SCF Iter                     =     1000
redata: SCF convergence failure will abort job
redata: SCF mix quantity                            = Hamiltonian
redata: Mix DM or H after convergence               =   F
redata: Recompute H after scf cycle                 =   F
redata: Mix DM in first SCF step                    =   T
redata: Write Pulay info on disk                    =   F
redata: New DM Occupancy tolerance                  = 0.000000000001
redata: No kicks to SCF
redata: DM Mixing Weight for Kicks                  =     0.5000
redata: Require Harris convergence for SCF          =   F
redata: Harris energy tolerance for SCF             =     0.000100 eV
redata: Require DM convergence for SCF              =   T
redata: DM tolerance for SCF                        =     0.000100
redata: Require EDM convergence for SCF             =   F
redata: EDM tolerance for SCF                       =     0.001000 eV
redata: Require H convergence for SCF               =   T
redata: Hamiltonian tolerance for SCF               =     0.001000 eV
redata: Require (free) Energy convergence for SCF   =   F
redata: (free) Energy tolerance for SCF             =     0.000100 eV
redata: Using Saved Data (generic)                  =   F
redata: Use continuation files for DM               =   F
redata: Neglect nonoverlap interactions             =   F
redata: Method of Calculation                       = Diagonalization
redata: Electronic Temperature                      =   299.9869 K
redata: Fix the spin of the system                  =   F
redata: Max. number of TDED Iter                    =        1
redata: Number of TDED substeps                     =        3
redata: Dynamics option                             = Single-point calculation
mix.SCF: Pulay mixing                            = Pulay
mix.SCF:    Variant                              = stable
mix.SCF:    History steps                        = 2
mix.SCF:    Linear mixing weight                 =     0.250000
mix.SCF:    Mixing weight                        =     0.250000
mix.SCF:    SVD condition                        = 0.1000E-07
redata: Bulk velocity bias                          =     1.0000 Volts
redata: Bulk velocity bias direction                = 0.0000E+00 0.0000E+00 0.1000E+01
redata: Bulk velocity bias projection tolerance     = 0.1094E-10 Ang/ps
redata: Bulk velocity bias current calculation      = T
redata: Save all siesta data in one NC              =   F
redata: ***********************************************************************

%block SCF.Mixers
  Pulay
%endblock SCF.Mixers

%block SCF.Mixer.Pulay
  # Mixing method
  method pulay
  variant stable

  # Mixing options
  weight 0.2500
  weight.linear 0.2500
  history 2
%endblock SCF.Mixer.Pulay

DM_history_depth set to one: no extrapolation allowed by default for geometry relaxation
Size of DM history Fstack: 1
Total number of electrons:     3.000000
Total ionic charge:     3.000000

* ProcessorY, Blocksize:    2   2


* Orbital distribution balance (max,min):     2     1

k-point displ. along   3 input, could be:     0.00    0.50

Time-reversal symmetry not used.

siesta: k-grid: Number of k-points =      1000
siesta: k-points from Monkhorst-Pack grid
siesta: k-cutoff (effective) =     5.000 Ang
siesta: k-point supercell and displacements
siesta: k-grid:    1   0   0      0.000
siesta: k-grid:    0   1   0      0.000
siesta: k-grid:    0   01000      0.000

diag: Algorithm                                     = D&C
diag: Parallel over k                               =   T
diag: Use parallel 2D distribution                  =   F
diag: Parallel block-size                           = 2
diag: Parallel distribution                         =     1 x     2
diag: Used triangular part                          = Lower
diag: Absolute tolerance                            =  0.100E-15
diag: Orthogonalization factor                      =  0.100E-05
diag: Memory factor                                 =  1.0000
Using current reciprocal lattice vectors for BandLinesScale
Beware any cell changes by the end of the run
Using current reciprocal lattice vectors for BandLinesScale
Beware any cell changes by the end of the run

superc: Internal auxiliary supercell:     1 x     1 x     5  =       5
superc: Number of atoms, orbitals, and projectors:     15     15     60


ts: **************************************************************
ts: Save H and S matrices                           =    F
ts: Save DM and EDM matrices                        =    F
ts: Only save the overlap matrix S                  =    F
ts: **************************************************************

************************ Begin: TS CHECKS AND WARNINGS ************************
************************ End: TS CHECKS AND WARNINGS **************************


                     ====================================
                        Single-point calculation
                     ====================================

superc: Internal auxiliary supercell:     1 x     1 x     5  =       5
superc: Number of atoms, orbitals, and projectors:     15     15     60

outcell: Unit cell vectors (Ang):
       10.000000    0.000000    0.000000
        0.000000   10.000000    0.000000
        0.000000    0.000000    3.750000

outcell: Cell vector modules (Ang)   :   10.000000   10.000000    3.750000
outcell: Cell angles (23,13,12) (deg):     90.0000     90.0000     90.0000
outcell: Cell volume (Ang**3)        :    375.0000
<dSpData1D:S at geom step 0
  <sparsity:sparsity for geom step 0
    nrows_g=3 nrows=2 sparsity=2.0000 nnzs=18, refcount: 7>
  <dData1D:(new from dSpData1D) n=18, refcount: 1>
refcount: 1>
new_DM -- step:     1
Initializing Density Matrix...
DM filled with atomic data:
<dSpData2D:DM initialized from atoms
  <sparsity:sparsity for geom step 0
    nrows_g=3 nrows=2 sparsity=2.0000 nnzs=18, refcount: 8>
  <dData2D:DM n=18 m=1, refcount: 1>
refcount: 1>
No. of atoms with KB's overlaping orbs in proc 0. Max # of overlaps:       6       5

InitMesh: MESH = 96 x 96 x 36 = 331776
InitMesh: Mesh cutoff (required, used) =   250.000   254.709 Ry
New grid distribution [1]: sub = 2
New grid distribution [2]: sub = 2
New grid distribution [3]: sub = 2
Setting up quadratic distribution...
cdiag-debug: jobz=V, algo= 1, Node=    1, work=          35, rwork=          34, iwork=          18
cdiag-debug: jobz=V, algo= 1, Node=    0, work=          35, rwork=          34, iwork=          18

stepf: Fermi-Dirac step function
     bulk-bias: |v| / {v} [uA]   0.7748029E+02      0.0000000E+00   0.0000000E+00   0.7748029E+02
     bulk-bias: {dq,q0}   0.1261428E+00   0.2000000E-02

siesta: Program's energy decomposition (eV):
siesta: Ebs     =       -29.411100
siesta: Eions   =        58.987014
siesta: Ena     =        14.424757
siesta: Ekin    =        31.776609
siesta: Enl     =        -9.539431
siesta: Eso     =         0.000000
siesta: Edftu   =         0.000000
siesta: DEna    =         1.180318
siesta: DUscf   =         0.025355
siesta: DUext   =         0.000000
siesta: Ex      =       -19.237365
siesta: Ec      =        -3.641563
siesta: Exc     =       -22.878928
siesta: EbV     =        -0.063071
siesta: eta*DQ  =         0.000000
siesta: Emadel  =         0.000000
siesta: Emeta   =         0.000000
siesta: Emolmec =         0.000000
siesta: Ekinion =         0.000000
siesta: Eharris =       -48.540752
siesta: Etot    =       -44.061405
siesta: FreeEng =       -44.061961

        iscf     Eharris(eV)        E_KS(eV)     FreeEng(eV)     dDmax    Ef(eV) dHmax(eV)
   scf:    1      -48.540752      -44.061405      -44.061961  0.365570 -5.705410  0.246383
timer: Routine,Calls,Time,% = IterSCF        1       0.201  28.33
     bulk-bias: |v| / {v} [uA]   0.7748029E+02      0.0000000E+00   0.0000000E+00   0.7748029E+02
     bulk-bias: {dq,q0}   0.1261671E+00   0.2000000E-02
   scf:    2      -44.061393      -44.061405      -44.061961  0.000002 -5.767186  0.184786
     bulk-bias: |v| / {v} [uA]   0.7748029E+02      0.0000000E+00   0.0000000E+00   0.7748029E+02
     bulk-bias: {dq,q0}   0.1262402E+00   0.2000000E-02
   scf:    3      -44.061368      -44.061405      -44.061961  0.000006 -5.952513  0.000000

SCF Convergence by DM+H criterion
max |DM_out - DM_in|         :     0.0000055929
max |H_out - H_in|      (eV) :     0.0000000036
SCF cycle converged after 3 iterations

Using DM_out to compute the final energy and forces
No. of atoms with KB's overlaping orbs in proc 0. Max # of overlaps:       6       5

siesta: E_KS(eV) =              -44.0614

siesta: E_KS - E_eggbox =       -44.0614

siesta: Atomic forces (eV/Ang):
----------------------------------------
   Tot    0.000000   -0.000000    0.000000
----------------------------------------
   Max    0.000000
   Res    0.000000    sqrt( Sum f_i^2 / 3N )
----------------------------------------
   Max    0.000000    constrained

Stress tensor Voigt[x,y,z,yz,xz,xy] (kbar):        0.00        0.00       19.92       -0.00        0.00        0.00
(Free)E + p*V (eV/cell)      -45.6162
Target enthalpy (eV/cell)      -44.0620
Computing bands...
*** Note: ParallelOverK option not used for Bands
cdiag-debug: jobz=V, algo= 1, Node=    1, work=          20, rwork=          37, iwork=          39
cdiag-debug: jobz=V, algo= 1, Node=    0, work=          20, rwork=          46, iwork=          39

siesta: Program's energy decomposition (eV):
siesta: Ebs     =       -29.411044
siesta: Eions   =        58.987014
siesta: Ena     =        14.424757
siesta: Ekin    =        31.776686
siesta: Enl     =        -9.539443
siesta: Eso     =         0.000000
siesta: Edftu   =         0.000000
siesta: DEna    =         1.180307
siesta: DUscf   =         0.025355
siesta: DUext   =         0.000000
siesta: Ex      =       -19.237369
siesta: Ec      =        -3.641563
siesta: Exc     =       -22.878932
siesta: EbV     =        -0.063120
siesta: eta*DQ  =         0.000000
siesta: Emadel  =         0.000000
siesta: Emeta   =         0.000000
siesta: Emolmec =         0.000000
siesta: Ekinion =         0.000000
siesta: Eharris =       -44.061368
siesta: Etot    =       -44.061405
siesta: FreeEng =       -44.061961

siesta: Final energy (eV):
siesta:  Band Struct. =     -29.411044
siesta:       Kinetic =      31.776686
siesta:       Hartree =      44.671390
siesta:       Edftu   =       0.000000
siesta:       Eso     =       0.000000
siesta:    Ext. field =       0.000000
siesta:         Exch. =     -19.237369
siesta:         Corr. =      -3.641563
siesta:     Bulk bias =      -0.063120
siesta:   Exch.-corr. =     -22.878932
siesta:  Ion-electron =    -120.700140
siesta:       Ion-ion =      23.132711
siesta:       Ekinion =       0.000000
siesta:         Total =     -44.061405
siesta:         Fermi =      -5.952513

siesta: Stress tensor (static) (eV/Ang**3):
siesta:     0.000000    0.000000    0.000000
siesta:     0.000000    0.000000   -0.000000
siesta:     0.000000   -0.000000    0.012434

siesta: Cell volume =        375.000000 Ang**3

siesta: Pressure (static):
siesta:                Solid            Molecule  Units
siesta:          -0.00004514         -0.00004514  Ry/Bohr**3
siesta:          -0.00414474         -0.00414474  eV/Ang**3
siesta:          -6.64067932         -6.64067932  kBar
(Free)E+ p_basis*V_orbitals  =         -43.771055
(Free)Eharris+ p_basis*V_orbitals  =         -43.771018

siesta: Electric dipole (a.u.)  =   -0.000000   -0.000000   -0.000000
siesta: Electric dipole (Debye) =   -0.000000   -0.000000   -0.000000

cite: Please see "h_bulk_bias.bib" for an exhaustive BiBTeX file.
cite: Please clearly indicate Siesta version in published work: 5.0.0-alpha-40-ga3d58f0c9-dirty
cite: This calculation has made use of the following articles
cite: which are encouraged to be cited in a published work.
        Primary SIESTA paper
          DOI: www.doi.org/10.1088/0953-8984/14/11/302


>> End of run:   2-SEP-2021  12:29:56
Job completed
