Siesta Version  : 5.0.0-alpha-48-gf647239f1
Architecture    : x86_64-linux-gcc
Compiler version: GNU Fortran (GCC) 11.2.0
Compiler flags  : mpifort -m64 -fPIC -O3 -ftree-vectorize -fexpensive-optimizations -funroll-loops -fprefetch-loop-arrays -fgraphite -fipa-icf -fipa-pure-const -march=native -fschedule-fusion -fselective-scheduling -fstack-arrays -fmax-stack-var-size=10000 -fipa-sra -fipa-cp -fcheck=recursion,array-temps -fno-second-underscore -Wrealloc-lhs -Wrealloc-lhs-all -fallow-argument-mismatch -fcheck-array-temporaries -Warray-temporaries -fcheck=array-temps
PP flags        : -DSIESTA__FLOOK -DSIESTA__METIS -DSIESTA__FFTW -DTS_PVT_METIS -DSIESTA__MRRR -DSIESTA__SCALAPACK_RESET -DMPI -DFC_HAVE_FLUSH -DFC_HAVE_ABORT -DCDF -DGRID_DP -DMPI_TIMING -DTRANSIESTA_TIMING -DTBTRANS_TIMING -DSIESTA__MUMPS -DNCDF_PARALLEL -DNCDF -DNCDF_4 -DSCALAPACK_DEBUG -D_DIAG_WORK -DSIESTA__DIAG_2STAGE -DSIESTA__ELPA
Libraries       : libncdf.a libfdict.a  -lzmumps -lmumps_common -lpord -lparmetis -lmetis -lesmumps -lscotch -lscotcherr -L/opt/gnu/11.2.0/elpa/2020.05.001/lib -Wl,-rpath=/opt/gnu/11.2.0/elpa/2020.05.001/lib -lelpa -L/opt/gnu/11.2.0/scalapack-debug/2.1.0/lib -Wl,-rpath=/opt/gnu/11.2.0/scalapack-debug/2.1.0/lib -lscalapack  -L/opt/gnu/11.2.0/openblas/0.3.18/lib -Wl,-rpath=/opt/gnu/11.2.0/openblas/0.3.18/lib -lopenblas -L/home/nicpa/codes/flook/obj -lflookall -ldl -l:libnetcdff.so  -m64 -fPIC -O3 -ftree-vectorize -fexpensive-optimizations -funroll-loops -fprefetch-loop-arrays -fgraphite -fipa-icf -fipa-pure-const -march=native -fschedule-fusion -fselective-scheduling -fstack-arrays -fmax-stack-var-size=10000 -fipa-sra -fipa-cp -fcheck=recursion,array-temps -fno-second-underscore -Wrealloc-lhs -Wrealloc-lhs-all -fallow-argument-mismatch -fcheck-array-temporaries -Warray-temporaries -fcheck=array-temps -L/opt/gnu/11.2.0/fftw/3.3.10/lib -Wl,-rpath=/opt/gnu/11.2.0/fftw/3.3.10/lib -lfftw3
Parallelisations: MPI
NetCDF support
NetCDF-4 support
NetCDF-4 MPI-IO support
METIS ordering support
Lua support

Runtime information:
* Directory : /home/nicpa/siesta/siesta/Obj159/Tests/pdos_gamma_soc_fe/work
* Running on 6 nodes in parallel.
>> Start of run:  10-FEB-2022   9:41:20

                           *********************** 
                           *  WELCOME TO SIESTA  * 
                           *********************** 

reinit: Reading from file ../pdos_gamma_soc_fe.fdf

reinit: -----------------------------------------------------------------------
reinit: System Name: 
reinit: -----------------------------------------------------------------------
reinit: System Label: pdos_gamma_soc_fe
reinit: -----------------------------------------------------------------------

initatom: Reading input for the pseudopotentials and atomic orbitals ----------
Species number:   1 Atomic number:   26 Label: Fe_soc


 ---- Processing specs for species: Fe_soc
Ground state valence configuration:   4s02  3d06
PSML file version: 1.1
Using libxc ids:  101 130
GGA--PBE XC_GGA_X_PBE--XC_GGA_C_PBE pb
 Using ATOM defaults for log grid...
PSML uuid: 89456970-44bf-11e8-4d23-a6a6edf19e30
Semicore shell(s) with  8 electrons included in the valence for Fe_soc

---- Pseudopotential check for Fe

Pseudopotential generated from a fully relativistic atomic calculation
There are spin-orbit semi-local pseudopotentials available

Pseudized shells:
3s( 2.00) rc: 1.26
3p( 6.00) rc: 1.21
3d( 6.00) rc: 1.57
Valence configuration for ps generation: 3s:3p:3d:4s: Total charge:  16.000000
Semicore shell(s): 3s 3p
For Fe_soc, standard SIESTA heuristics set lmxkb to 3
 (one more than the basis l, including polarization orbitals).
Use PS.lmax or PS.KBprojectors blocks to override.
Fe_soc pseudopotential only contains V_ls up to l=2 -- lmxkb reset.

<basis_specs>
===============================================================================
Fe_soc               Z=  26    Mass=  55.850        Charge= 0.17977+309
Lmxo=2 Lmxkb= 2    BasisType=split      Semic=T
L=0  Nsemic=1  Cnfigmx=4
          i=1  nzeta=1  polorb=0  (3s)  (semicore shell)
            splnorm:   0.15000    
               vcte:    0.0000    
               rinn:    0.0000    
               qcoe:    0.0000    
               qyuk:    0.0000    
               qwid:   0.10000E-01
                rcs:    0.0000    
            lambdas:    1.0000    
          i=2  nzeta=2  polorb=1  (4s)  (to be polarized perturbatively)
            splnorm:   0.15000    
               vcte:    0.0000    
               rinn:    0.0000    
               qcoe:    0.0000    
               qyuk:    0.0000    
               qwid:   0.10000E-01
                rcs:    0.0000      0.0000    
            lambdas:    1.0000      1.0000    
L=1  Nsemic=1  Cnfigmx=4
          i=1  nzeta=1  polorb=0  (3p)  (semicore shell)
            splnorm:   0.15000    
               vcte:    0.0000    
               rinn:    0.0000    
               qcoe:    0.0000    
               qyuk:    0.0000    
               qwid:   0.10000E-01
                rcs:    0.0000    
            lambdas:    1.0000    
          i=2  nzeta=0  polorb=0  (4p)  (perturbative polarization orbital) (from 4s)
L=2  Nsemic=0  Cnfigmx=3
          i=1  nzeta=2  polorb=0  (3d)
            splnorm:   0.15000    
               vcte:    0.0000    
               rinn:    0.0000    
               qcoe:    0.0000    
               qyuk:    0.0000    
               qwid:   0.10000E-01
                rcs:    0.0000      0.0000    
            lambdas:    1.0000      1.0000    
-------------------------------------------------------------------------------
L=0  Nkbl=2  erefs: 0.17977+309 0.17977+309
L=1  Nkbl=2  erefs: 0.17977+309 0.17977+309
L=2  Nkbl=1  erefs: 0.17977+309
===============================================================================
</basis_specs>

atom: Called for Fe_soc                (Z =  26)

read_vps: Pseudopotential generation method:
read_vps: ONCVPSP-3.Hamann's oncvpsp                        
Valence charge in pseudo generation:   16.00000

read_vps: Pseudopotential includes a core correction:
read_vps: Pseudo-core for xc-correction

xc_check: Exchange-correlation functional:
xc_check: GGA Perdew, Burke & Ernzerhof 1996
Got Vlocal (oncv-fit) from psml data
Choosing vlocal chloc cutoff:  3.874354
qtot up to nchloc:   16.00026466
atom: Maximum radius for chlocal:    3.87435
atom: Maximum radius for r*vlocal+2*Zval:    3.87435
Reading KB projs from Fe_soc psml data
Using lj projectors in PSML file

PSML: Kleinman-Bylander projectors: 
   l= 0   rc=  1.289597   Ekb=  2.929588
   l= 0   rc=  1.289597   Ekb= 20.336184
j- l= 1   rc=  1.226698   Ekb= -1.097447
j+ l= 1   rc=  1.226698   Ekb= -0.910000
j- l= 1   rc=  1.226698   Ekb=  3.142193
j+ l= 1   rc=  1.226698   Ekb=  3.252964
j- l= 2   rc=  1.594952   Ekb=-11.037678
j+ l= 2   rc=  1.594952   Ekb=-10.997306
j- l= 2   rc=  1.594952   Ekb= -4.077919
j+ l= 2   rc=  1.594952   Ekb= -4.057755

PSML: Total number of  Kleinman-Bylander projectors:  34
atom: -------------------------------------------------------------------------

atom: SANKEY-TYPE ORBITALS:
atom: Selected multiple-zeta basis: split     

SPLIT: Orbitals with angular momentum L= 0

SPLIT: Basis orbitals for state 3s

SPLIT: PAO cut-off radius determined from an
SPLIT: energy shift=  0.020000 Ry

   izeta = 1
                 lambda =    1.000000
                     rc =    2.263385
                 energy =   -6.888430
                kinetic =    3.236280
    potential(screened) =  -10.124710
       potential(ionic) =  -37.583787

SPLIT: Basis orbitals for state 4s

SPLIT: PAO cut-off radius determined from an
SPLIT: energy shift=  0.020000 Ry

   izeta = 1
                 lambda =    1.000000
                     rc =    6.000769
                 energy =   -0.429084
                kinetic =    1.231061
    potential(screened) =   -1.660144
       potential(ionic) =  -14.839695

   izeta = 2
                 rmatch =    5.567167
              splitnorm =    0.150000
                 energy =   -0.375757
                kinetic =    1.727187
    potential(screened) =   -2.102943
       potential(ionic) =  -16.786407

SPLIT: Orbitals with angular momentum L= 1

SPLIT: Basis orbitals for state 3p

SPLIT: PAO cut-off radius determined from an
SPLIT: energy shift=  0.020000 Ry

   izeta = 1
                 lambda =    1.000000
                     rc =    2.501437
                 energy =   -4.392890
                kinetic =    7.886379
    potential(screened) =  -12.279269
       potential(ionic) =  -38.968699

SPLIT: Orbitals with angular momentum L= 2

SPLIT: Basis orbitals for state 3d

SPLIT: PAO cut-off radius determined from an
SPLIT: energy shift=  0.020000 Ry

   izeta = 1
                 lambda =    1.000000
                     rc =    3.731752
                 energy =   -0.532554
                kinetic =   10.408483
    potential(screened) =  -10.941037
       potential(ionic) =  -34.619969

   izeta = 2
                 rmatch =    2.126247
              splitnorm =    0.150000
                 energy =   -0.118076
                kinetic =   14.245595
    potential(screened) =  -14.363671
       potential(ionic) =  -40.526339

POLgen: Perturbative polarization orbital with L=  1

POLgen: Polarization orbital for state 4s

   izeta = 1
                     rc =    6.000769
                 energy =    0.172058
                kinetic =    1.814170
    potential(screened) =   -1.642112
       potential(ionic) =  -13.394390
atom: Total number of Sankey-type orbitals: 19

atm_pop: Valence configuration (for local Pseudopot. screening):
 3s( 2.00) 4s( 2.00)                                                  
 3p( 6.00) 4p( 0.00)                                                  
 3d( 6.00)                                                            
Vna: chval, zval:   16.00000  16.00000

Vna:  Cut-off radius for the neutral-atom potential:   6.000769
comcore: Pseudo-core radius Rcore=  1.740807

atom: _________________________________________________________________________

prinput: Basis input 
* WARNING: This information might be incomplete!!!
----------------------------------------------------------

PAO.BasisType split     

%block ChemicalSpeciesLabel
    1   26 Fe_soc                  # Species index, atomic number, species label
%endblock ChemicalSpeciesLabel

%block PAO.Basis                 # Define Basis set
# WARNING: This information might be incomplete!!!
Fe_soc                4                    # Species label, number of l-shells
 n=3   0   1                         # n, l, Nzeta 
   2.263   
   1.000   
 n=4   0   2 P   1                   # n, l, Nzeta, Polarization, NzetaPol
   6.001      5.567   
   1.000      1.000   
 n=3   1   1                         # n, l, Nzeta 
   2.501   
   1.000   
 n=3   2   2                         # n, l, Nzeta 
   3.732      2.126   
   1.000      1.000   
%endblock PAO.Basis

prinput: ----------------------------------------------------------------------

CH_OVERLAP: New q2cut (Ry) =   3100.00
CH_OVERLAP: New q2cut (Ry) =   3844.00
CH_OVERLAP: New q2cut (Ry) =   4766.56
CH_OVERLAP: New q2cut (Ry) =   5910.53
Dumping basis to NetCDF file Fe_soc.ion.nc
coor:   Atomic-coordinates input format  =     Fractional

siesta: Atomic coordinates (Bohr) and species
siesta:      0.00000   0.00000   0.00000  1        1

siesta: System type = bulk      

initatomlists: Number of atoms, orbitals, and projectors:      1    19    34

siesta: ******************** Simulation parameters ****************************
siesta:
siesta: The following are some of the parameters of the simulation.
siesta: A complete list of the parameters used, including default values,
siesta: can be found in file out.fdf
siesta:
redata: Spin configuration                          = spin-orbit+offsite
redata: Number of spin components                   = 8
redata: Time-Reversal Symmetry                      = F
redata: Spin spiral                                 = F
redata: Long output                                 =   F
redata: Number of Atomic Species                    =        1
redata: Charge density info will appear in .RHO file
redata: Write Mulliken Pop.                         = NO
redata: Matel table size (NRTAB)                    =     1024
redata: Mesh Cutoff                                 =   300.0000 Ry
redata: Net charge of the system                    =     0.0000 |e|
redata: Min. number of SCF Iter                     =        0
redata: Max. number of SCF Iter                     =     1000
redata: SCF convergence failure will abort job
redata: SCF mix quantity                            = Hamiltonian
redata: Mix DM or H after convergence               =   F
redata: Recompute H after scf cycle                 =   F
redata: Mix DM in first SCF step                    =   T
redata: Write Pulay info on disk                    =   F
redata: New DM Occupancy tolerance                  = 0.000000000001
redata: No kicks to SCF
redata: DM Mixing Weight for Kicks                  =     0.5000
redata: Require Harris convergence for SCF          =   F
redata: Harris energy tolerance for SCF             =     0.000100 eV
redata: Require DM convergence for SCF              =   T
redata: DM tolerance for SCF                        =     0.000100
redata: Require EDM convergence for SCF             =   F
redata: EDM tolerance for SCF                       =     0.001000 eV
redata: Require H convergence for SCF               =   T
redata: Hamiltonian tolerance for SCF               =     0.001000 eV
redata: Require (free) Energy convergence for SCF   =   F
redata: (free) Energy tolerance for SCF             =     0.000100 eV
redata: Using Saved Data (generic)                  =   F
redata: Use continuation files for DM               =   F
redata: Neglect nonoverlap interactions             =   F
redata: Method of Calculation                       = Diagonalization
redata: Electronic Temperature                      =   116.0444 K
redata: Fix the spin of the system                  =   F
redata: Split SR and SO contributions               =   F
redata: Max. number of TDED Iter                    =        1
redata: Number of TDED substeps                     =        3
redata: Dynamics option                             = Single-point calculation
mix.SCF: Pulay mixing                            = Pulay
mix.SCF:    Variant                              = stable
mix.SCF:    History steps                        = 10
mix.SCF:    Linear mixing weight                 =     0.010000
mix.SCF:    Mixing weight                        =     0.010000
mix.SCF:    SVD condition                        = 0.1000E-07
mix.SCF: Spin-component mixing                   all
redata: Save all siesta data in one NC              =   F
redata: ***********************************************************************

%block SCF.Mixers
  Pulay
%endblock SCF.Mixers

%block SCF.Mixer.Pulay
  # Mixing method
  method pulay
  variant stable

  # Mixing options
  weight 0.0100
  weight.linear 0.0100
  history 10
%endblock SCF.Mixer.Pulay

DM_history_depth set to one: no extrapolation allowed by default for geometry relaxation
Size of DM history Fstack: 1
Total number of electrons:    16.000000
Total ionic charge:    16.000000

* ProcessorY, Blocksize:    3   3


* Orbital distribution balance (max,min):     4     3


Time-reversal symmetry not used.

siesta: k-grid: Number of k-points =       343
siesta: k-points from Monkhorst-Pack grid
siesta: k-cutoff (effective) =     8.438 Ang
siesta: k-point supercell and displacements
siesta: k-grid:    7   0   0      0.000
siesta: k-grid:    0   7   0      0.000
siesta: k-grid:    0   0   7      0.000

Time-reversal symmetry not used.

siesta: PDOS k-grid: Number of k-points =         1
siesta: PDOS k-points from Monkhorst-Pack grid
siesta: PDOS k-cutoff (effective) =     1.205 Ang
siesta: PDOS k-point supercell and displacements
siesta: k-grid:    1   0   0      0.000
siesta: k-grid:    0   1   0      0.000
siesta: k-grid:    0   0   1      0.000

diag: Algorithm                                     = D&C
diag: Parallel over k                               =   F
diag: Use parallel 2D distribution                  =   T
diag: Parallel block-size                           = 3
diag: Parallel distribution                         =     2 x     3
diag: Used triangular part                          = Lower
diag: Absolute tolerance                            =  0.100E-15
diag: Orthogonalization factor                      =  0.100E-05
diag: Memory factor                                 =  1.0000

superc: Internal auxiliary supercell:     9 x     9 x     9  =     729
superc: Number of atoms, orbitals, and projectors:    729  13851  24786


ts: **************************************************************
ts: Save H and S matrices                           =    F
ts: Save DM and EDM matrices                        =    F
ts: Only save the overlap matrix S                  =    F
ts: **************************************************************

************************ Begin: TS CHECKS AND WARNINGS ************************
************************ End: TS CHECKS AND WARNINGS **************************


                     ====================================
                        Single-point calculation
                     ====================================

superc: Internal auxiliary supercell:     9 x     9 x     9  =     729
superc: Number of atoms, orbitals, and projectors:    729  13851  24786

outcell: Unit cell vectors (Ang):
       -1.391873    1.391873    1.391873
        1.391873   -1.391873    1.391873
        1.391873    1.391873   -1.391873

outcell: Cell vector modules (Ang)   :    2.410795    2.410795    2.410795
outcell: Cell angles (23,13,12) (deg):    109.4712    109.4712    109.4712
outcell: Cell volume (Ang**3)        :     10.7860
<dSpData1D:S at geom step 0
  <sparsity:sparsity for geom step 0
    nrows_g=19 nrows=4 sparsity=12.0831 nnzs=4362, refcount: 8>
  <dData1D:(new from dSpData1D) n=4362, refcount: 1>
refcount: 1>
new_DM -- step:     1
Initializing Density Matrix...
DM filled with atomic data (user-defined):
<dSpData2D:DM initialized from atoms
  <sparsity:sparsity for geom step 0
    nrows_g=19 nrows=4 sparsity=12.0831 nnzs=4362, refcount: 9>
  <dData2D:DM n=4362 m=8, refcount: 1>
refcount: 1>
     spin moment: S , {S} =    4.00000   0.71442   1.53209   3.62523

InitMesh: MESH = 24 x 24 x 24 = 13824
InitMesh: Mesh cutoff (required, used) =   300.000   410.861 Ry
New grid distribution [1]: sub = 2
New grid distribution [2]: sub = 2
New grid distribution [3]: sub = 2
Setting up quadratic distribution...
cdiag-debug: jobz=V, algo= 1, Node=    1, work=         171, rwork=        1063, iwork=         292
cdiag-debug: jobz=V, algo= 1, Node=    2, work=         171, rwork=        1063, iwork=         292
cdiag-debug: jobz=V, algo= 1, Node=    3, work=         171, rwork=        1099, iwork=         292
cdiag-debug: jobz=V, algo= 1, Node=    4, work=         171, rwork=         991, iwork=         292
cdiag-debug: jobz=V, algo= 1, Node=    5, work=         171, rwork=         991, iwork=         292
cdiag-debug: jobz=V, algo= 1, Node=    0, work=         171, rwork=        1183, iwork=         292

stepf: Fermi-Dirac step function

siesta: Program's energy decomposition (eV):
siesta: Ebs     =      -634.922804
siesta: Eions   =      4922.323177
siesta: Ena     =       577.741328
siesta: Ekin    =      1487.169429
siesta: Enl(+so)=      -163.148447
siesta: Eso(nil)=         0.000000
siesta: Edftu   =         0.000000
siesta: DEna    =        84.580189
siesta: DUscf   =         4.854185
siesta: DUext   =         0.000000
siesta: Ex      =      -447.709979
siesta: Ec      =       -26.295193
siesta: Exc     =      -474.005172
siesta: eta*DQ  =         0.000000
siesta: Emadel  =         0.000000
siesta: Emeta   =         0.000000
siesta: Emolmec =         0.000000
siesta: Ekinion =         0.000000
siesta: Eharris =     -3394.488302
siesta: Etot    =     -3405.131667
siesta: FreeEng =     -3405.132183

        iscf     Eharris(eV)        E_KS(eV)     FreeEng(eV)     dDmax    Ef(eV) dHmax(eV)
   scf:    1    -3394.488302    -3405.131667    -3405.132183  0.513309 -1.025840 11.270411
     spin moment: S , {S} =    2.52867   0.45164   0.96854   2.29175
timer: Routine,Calls,Time,% = IterSCF        1       1.868  56.45
   scf:    2    -3405.379410    -3405.256042    -3405.256548  0.005739 -1.089676 10.996399
     spin moment: S , {S} =    2.52940   0.45177   0.96882   2.29242
   scf:    3    -3408.352648    -3407.679641    -3407.680125  0.182535 -3.630817  0.932193
     spin moment: S , {S} =    2.53002   0.45188   0.96906   2.29298
   scf:    4    -3407.388518    -3407.556737    -3407.557204  0.020347 -3.901923  2.498967
     spin moment: S , {S} =    2.53008   0.45189   0.96908   2.29303
   scf:    5    -3407.597118    -3407.692357    -3407.692879  0.063003 -3.169797  1.438839
     spin moment: S , {S} =    2.18841   0.39086   0.83821   1.98337
   scf:    6    -3407.772270    -3407.742533    -3407.743023  0.017995 -3.498905  0.330550
     spin moment: S , {S} =    2.24971   0.40181   0.86169   2.03893
   scf:    7    -3407.731103    -3407.741288    -3407.741297  0.007593 -3.629959  0.419367
     spin moment: S , {S} =    2.31961   0.41430   0.88846   2.10228
   scf:    8    -3407.743313    -3407.743822    -3407.743835  0.006717 -3.542712  0.282122
     spin moment: S , {S} =    2.31971   0.41431   0.88850   2.10237
   scf:    9    -3407.742977    -3407.744363    -3407.744550  0.009373 -3.569605  0.246426
     spin moment: S , {S} =    2.31484   0.41344   0.88663   2.09795
   scf:   10    -3407.740942    -3407.743475    -3407.743489  0.010018 -3.535404  0.322226
     spin moment: S , {S} =    2.31971   0.41432   0.88850   2.10237
mix: Pulay -- inversion failed, > SVD [rank/size] 5 / 9
   scf:   11    -3407.743020    -3407.744423    -3407.744631  0.010225 -3.568276  0.242913
     spin moment: S , {S} =    2.31411   0.41332   0.88635   2.09730
   scf:   12    -3407.745394    -3407.745312    -3407.745398  0.005473 -3.531226  0.138560
     spin moment: S , {S} =    2.31792   0.41400   0.88781   2.10075
   scf:   13    -3407.745854    -3407.745738    -3407.746178  0.005365 -3.539828  0.107514
     spin moment: S , {S} =    2.30343   0.41141   0.88226   2.08762
   scf:   14    -3407.745892    -3407.745825    -3407.746284  0.000204 -3.537278  0.094640
     spin moment: S , {S} =    2.30223   0.41119   0.88180   2.08653
   scf:   15    -3407.746068    -3407.746059    -3407.746686  0.002553 -3.537157  0.078904
     spin moment: S , {S} =    2.28770   0.40860   0.87624   2.07336
   scf:   16    -3407.745943    -3407.746218    -3407.746919  0.001940 -3.517804  0.051868
     spin moment: S , {S} =    2.27099   0.40561   0.86983   2.05822
   scf:   17    -3407.746018    -3407.746117    -3407.746806  0.000489 -3.512057  0.088278
     spin moment: S , {S} =    2.27047   0.40552   0.86963   2.05775
   scf:   18    -3407.746323    -3407.746236    -3407.746917  0.000605 -3.515970  0.065124
     spin moment: S , {S} =    2.27503   0.40633   0.87138   2.06188
   scf:   19    -3407.745921    -3407.746079    -3407.746756  0.000534 -3.509446  0.108738
     spin moment: S , {S} =    2.27379   0.40611   0.87090   2.06076
   scf:   20    -3407.746370    -3407.746273    -3407.746945  0.001228 -3.521118  0.045263
     spin moment: S , {S} =    2.27753   0.40678   0.87235   2.06414
   scf:   21    -3407.745772    -3407.746044    -3407.746720  0.001082 -3.509733  0.113454
     spin moment: S , {S} =    2.27365   0.40609   0.87086   2.06063
   scf:   22    -3407.745750    -3407.745890    -3407.746565  0.000257 -3.506274  0.138952
     spin moment: S , {S} =    2.27175   0.40575   0.87013   2.05891
   scf:   23    -3407.746367    -3407.746183    -3407.746862  0.000903 -3.516654  0.073197
     spin moment: S , {S} =    2.27415   0.40618   0.87105   2.06107
   scf:   24    -3407.746288    -3407.746297    -3407.746985  0.000818 -3.525665  0.011388
     spin moment: S , {S} =    2.27562   0.40644   0.87158   2.06242
   scf:   25    -3407.746293    -3407.746297    -3407.746983  0.000141 -3.527224  0.007580
     spin moment: S , {S} =    2.27637   0.40657   0.87187   2.06310
   scf:   26    -3407.746287    -3407.746293    -3407.746985  0.000168 -3.527147  0.005862
     spin moment: S , {S} =    2.27536   0.40639   0.87148   2.06219
   scf:   27    -3407.746168    -3407.746224    -3407.746957  0.001203 -3.527950  0.000449
     spin moment: S , {S} =    2.26815   0.40510   0.86871   2.05566
   scf:   28    -3407.746192    -3407.746199    -3407.746936  0.000096 -3.527834  0.001273
     spin moment: S , {S} =    2.26746   0.40498   0.86845   2.05504
   scf:   29    -3407.746291    -3407.746262    -3407.746983  0.000467 -3.527739  0.002245
     spin moment: S , {S} =    2.27039   0.40550   0.86957   2.05769
   scf:   30    -3407.746266    -3407.746263    -3407.746981  0.000056 -3.527934  0.002901
     spin moment: S , {S} =    2.27074   0.40556   0.86970   2.05800
   scf:   31    -3407.746190    -3407.746214    -3407.746944  0.000353 -3.528063  0.000459
     spin moment: S , {S} =    2.26856   0.40518   0.86886   2.05603
   scf:   32    -3407.746219    -3407.746220    -3407.746950  0.000018 -3.527933  0.000236
     spin moment: S , {S} =    2.26853   0.40517   0.86885   2.05601

SCF Convergence by DM+H criterion
max |DM_out - DM_in|         :     0.0000176045
max |H_out - H_in|      (eV) :     0.0002355505
SCF cycle converged after 32 iterations

Using DM_out to compute the final energy and forces

siesta: E_KS(eV) =            -3407.7462

siesta: E_KS - E_eggbox =     -3407.7462
     spin moment: S , {S} =    2.26853   0.40517   0.86885   2.05601

siesta: Atomic forces (eV/Ang):
----------------------------------------
   Tot   -0.000000   -0.000000   -0.000000
----------------------------------------
   Max    0.000000
   Res    0.000000    sqrt( Sum f_i^2 / 3N )
----------------------------------------
   Max    0.000000    constrained

Stress tensor Voigt[x,y,z,yz,xz,xy] (kbar):     -149.37     -149.28     -148.79        0.02        0.18        0.25
(Free)E + p*V (eV/cell)    -3406.7429
Target enthalpy (eV/cell)    -3407.7469

siesta: PDOS info
siesta: Shifting energies with respect to Fermi-level
siesta: E1 -- E2, sigma [eV], nhist:   -8.528 --    1.472    0.200 1000

siesta: Program's energy decomposition (eV):
siesta: Ebs     =      -565.838376
siesta: Eions   =      4922.323177
siesta: Ena     =       577.741328
siesta: Ekin    =      1575.598813
siesta: Enl(+so)=      -190.018904
siesta: Eso(nil)=         0.000000
siesta: Edftu   =         0.000000
siesta: DEna    =        35.868551
siesta: DUscf   =         0.765875
siesta: DUext   =         0.000000
siesta: Ex      =      -459.049373
siesta: Ec      =       -26.329331
siesta: Exc     =      -485.378704
siesta: eta*DQ  =         0.000000
siesta: Emadel  =         0.000000
siesta: Emeta   =         0.000000
siesta: Emolmec =         0.000000
siesta: Ekinion =         0.000000
siesta: Eharris =     -3407.746219
siesta: Etot    =     -3407.746220
siesta: FreeEng =     -3407.746950

siesta: Final energy (eV):
siesta:  Band Struct. =    -565.838376
siesta:       Kinetic =    1575.598813
siesta:       Hartree =     816.416133
siesta:       Edftu   =       0.000000
siesta:      Eso(nil) =       0.000000
siesta:    Ext. field =       0.000000
siesta:         Exch. =    -459.049373
siesta:         Corr. =     -26.329331
siesta:   Exch.-corr. =    -485.378704
siesta:  Ion-electron =   -3286.612961
siesta:       Ion-ion =   -2027.769501
siesta:       Ekinion =       0.000000
siesta:         Total =   -3407.746220
siesta:         Fermi =      -3.527933

siesta: Stress tensor (static) (eV/Ang**3):
siesta:    -0.093227    0.000159    0.000112
siesta:     0.000159   -0.093170    0.000015
siesta:     0.000110    0.000010   -0.092864

siesta: Cell volume =         10.785960 Ang**3

siesta: Pressure (static):
siesta:                Solid            Molecule  Units
siesta:           0.00101383          0.00101383  Ry/Bohr**3
siesta:           0.09308683          0.09308683  eV/Ang**3
siesta:         149.14315915        149.14315915  kBar
(Free)E+ p_basis*V_orbitals  =       -3407.209575
(Free)Eharris+ p_basis*V_orbitals  =       -3407.209575
     spin moment: S , {S} =    2.26853   0.40517   0.86885   2.05601

cite: Please see "pdos_gamma_soc_fe.bib" for an exhaustive BiBTeX file.
cite: Please clearly indicate Siesta version in published work: 5.0.0-alpha-48-gf647239f1
cite: This calculation has made use of the following articles
cite: which are encouraged to be cited in a published work.
        Primary SIESTA paper
          DOI: www.doi.org/10.1088/0953-8984/14/11/302
        Spin-orbit coupling (off-site approximation)
          DOI: www.doi.org/10.1088/0953-8984/24/8/086005


>> End of run:  10-FEB-2022   9:42:22
Job completed
