Siesta Version  : 5.0.0-alpha-48-gf647239f1
Architecture    : x86_64-linux-gcc
Compiler version: GNU Fortran (GCC) 11.2.0
Compiler flags  : mpifort -m64 -fPIC -O3 -ftree-vectorize -fexpensive-optimizations -funroll-loops -fprefetch-loop-arrays -fgraphite -fipa-icf -fipa-pure-const -march=native -fschedule-fusion -fselective-scheduling -fstack-arrays -fmax-stack-var-size=10000 -fipa-sra -fipa-cp -fcheck=recursion,array-temps -fno-second-underscore -Wrealloc-lhs -Wrealloc-lhs-all -fallow-argument-mismatch -fcheck-array-temporaries -Warray-temporaries -fcheck=array-temps
PP flags        : -DSIESTA__FLOOK -DSIESTA__METIS -DSIESTA__FFTW -DTS_PVT_METIS -DSIESTA__MRRR -DSIESTA__SCALAPACK_RESET -DMPI -DFC_HAVE_FLUSH -DFC_HAVE_ABORT -DCDF -DGRID_DP -DMPI_TIMING -DTRANSIESTA_TIMING -DTBTRANS_TIMING -DSIESTA__MUMPS -DNCDF_PARALLEL -DNCDF -DNCDF_4 -DSCALAPACK_DEBUG -D_DIAG_WORK -DSIESTA__DIAG_2STAGE -DSIESTA__ELPA
Libraries       : libncdf.a libfdict.a  -lzmumps -lmumps_common -lpord -lparmetis -lmetis -lesmumps -lscotch -lscotcherr -L/opt/gnu/11.2.0/elpa/2020.05.001/lib -Wl,-rpath=/opt/gnu/11.2.0/elpa/2020.05.001/lib -lelpa -L/opt/gnu/11.2.0/scalapack-debug/2.1.0/lib -Wl,-rpath=/opt/gnu/11.2.0/scalapack-debug/2.1.0/lib -lscalapack  -L/opt/gnu/11.2.0/openblas/0.3.18/lib -Wl,-rpath=/opt/gnu/11.2.0/openblas/0.3.18/lib -lopenblas -L/home/nicpa/codes/flook/obj -lflookall -ldl -l:libnetcdff.so  -m64 -fPIC -O3 -ftree-vectorize -fexpensive-optimizations -funroll-loops -fprefetch-loop-arrays -fgraphite -fipa-icf -fipa-pure-const -march=native -fschedule-fusion -fselective-scheduling -fstack-arrays -fmax-stack-var-size=10000 -fipa-sra -fipa-cp -fcheck=recursion,array-temps -fno-second-underscore -Wrealloc-lhs -Wrealloc-lhs-all -fallow-argument-mismatch -fcheck-array-temporaries -Warray-temporaries -fcheck=array-temps -L/opt/gnu/11.2.0/fftw/3.3.10/lib -Wl,-rpath=/opt/gnu/11.2.0/fftw/3.3.10/lib -lfftw3
Parallelisations: MPI
NetCDF support
NetCDF-4 support
NetCDF-4 MPI-IO support
METIS ordering support
Lua support

Runtime information:
* Directory : /home/nicpa/siesta/siesta/Obj159/Tests/pdos_k_nc_fe/work
* Running on 6 nodes in parallel.
>> Start of run:  10-FEB-2022   9:42:22

                           *********************** 
                           *  WELCOME TO SIESTA  * 
                           *********************** 

reinit: Reading from file ../pdos_k_nc_fe.fdf

reinit: -----------------------------------------------------------------------
reinit: System Name: 
reinit: -----------------------------------------------------------------------
reinit: System Label: pdos_k_nc_fe
reinit: -----------------------------------------------------------------------

initatom: Reading input for the pseudopotentials and atomic orbitals ----------
Species number:   1 Atomic number:   26 Label: Fe_soc


 ---- Processing specs for species: Fe_soc
Ground state valence configuration:   4s02  3d06
PSML file version: 1.1
Using libxc ids:  101 130
GGA--PBE XC_GGA_X_PBE--XC_GGA_C_PBE pb
 Using ATOM defaults for log grid...
PSML uuid: 89456970-44bf-11e8-4d23-a6a6edf19e30
Semicore shell(s) with  8 electrons included in the valence for Fe_soc

---- Pseudopotential check for Fe

Pseudopotential generated from a fully relativistic atomic calculation
There are spin-orbit semi-local pseudopotentials available

Pseudized shells:
3s( 2.00) rc: 1.26
3p( 6.00) rc: 1.21
3d( 6.00) rc: 1.57
Valence configuration for ps generation: 3s:3p:3d:4s: Total charge:  16.000000
Semicore shell(s): 3s 3p
For Fe_soc, standard SIESTA heuristics set lmxkb to 3
 (one more than the basis l, including polarization orbitals).
Use PS.lmax or PS.KBprojectors blocks to override.
Fe_soc pseudopotential only contains V_ls up to l=2 -- lmxkb reset.

<basis_specs>
===============================================================================
Fe_soc               Z=  26    Mass=  55.850        Charge= 0.17977+309
Lmxo=2 Lmxkb= 2    BasisType=split      Semic=T
L=0  Nsemic=1  Cnfigmx=4
          i=1  nzeta=1  polorb=0  (3s)  (semicore shell)
            splnorm:   0.15000    
               vcte:    0.0000    
               rinn:    0.0000    
               qcoe:    0.0000    
               qyuk:    0.0000    
               qwid:   0.10000E-01
                rcs:    0.0000    
            lambdas:    1.0000    
          i=2  nzeta=2  polorb=1  (4s)  (to be polarized perturbatively)
            splnorm:   0.15000    
               vcte:    0.0000    
               rinn:    0.0000    
               qcoe:    0.0000    
               qyuk:    0.0000    
               qwid:   0.10000E-01
                rcs:    0.0000      0.0000    
            lambdas:    1.0000      1.0000    
L=1  Nsemic=1  Cnfigmx=4
          i=1  nzeta=1  polorb=0  (3p)  (semicore shell)
            splnorm:   0.15000    
               vcte:    0.0000    
               rinn:    0.0000    
               qcoe:    0.0000    
               qyuk:    0.0000    
               qwid:   0.10000E-01
                rcs:    0.0000    
            lambdas:    1.0000    
          i=2  nzeta=0  polorb=0  (4p)  (perturbative polarization orbital) (from 4s)
L=2  Nsemic=0  Cnfigmx=3
          i=1  nzeta=2  polorb=0  (3d)
            splnorm:   0.15000    
               vcte:    0.0000    
               rinn:    0.0000    
               qcoe:    0.0000    
               qyuk:    0.0000    
               qwid:   0.10000E-01
                rcs:    0.0000      0.0000    
            lambdas:    1.0000      1.0000    
-------------------------------------------------------------------------------
L=0  Nkbl=2  erefs: 0.17977+309 0.17977+309
L=1  Nkbl=2  erefs: 0.17977+309 0.17977+309
L=2  Nkbl=1  erefs: 0.17977+309
===============================================================================
</basis_specs>

atom: Called for Fe_soc                (Z =  26)

read_vps: Pseudopotential generation method:
read_vps: ONCVPSP-3.Hamann's oncvpsp                        
Valence charge in pseudo generation:   16.00000

read_vps: Pseudopotential includes a core correction:
read_vps: Pseudo-core for xc-correction

xc_check: Exchange-correlation functional:
xc_check: GGA Perdew, Burke & Ernzerhof 1996
Got Vlocal (oncv-fit) from psml data
Choosing vlocal chloc cutoff:  3.874354
qtot up to nchloc:   16.00026466
atom: Maximum radius for chlocal:    3.87435
atom: Maximum radius for r*vlocal+2*Zval:    3.87435
Reading KB projs from Fe_soc psml data
Using (derived) scalar-relativistic projectors in PSML file

PSML: Kleinman-Bylander projectors: 
   l= 0   rc=  1.289597   Ekb=  2.929588
   l= 0   rc=  1.289597   Ekb= 20.336184
   l= 1   rc=  1.226698   Ekb=  3.212733
   l= 1   rc=  1.226698   Ekb= -0.970660
   l= 1   rc=  1.226698   Ekb=  0.001568
   l= 1   rc=  1.226698   Ekb= -0.000083
   l= 2   rc=  1.594952   Ekb=-11.013454
   l= 2   rc=  1.594952   Ekb= -4.065821

PSML: Total number of  Kleinman-Bylander projectors:  24
atom: -------------------------------------------------------------------------

atom: SANKEY-TYPE ORBITALS:
atom: Selected multiple-zeta basis: split     

SPLIT: Orbitals with angular momentum L= 0

SPLIT: Basis orbitals for state 3s

SPLIT: PAO cut-off radius determined from an
SPLIT: energy shift=  0.020000 Ry

   izeta = 1
                 lambda =    1.000000
                     rc =    2.263385
                 energy =   -6.888430
                kinetic =    3.236280
    potential(screened) =  -10.124710
       potential(ionic) =  -37.583787

SPLIT: Basis orbitals for state 4s

SPLIT: PAO cut-off radius determined from an
SPLIT: energy shift=  0.020000 Ry

   izeta = 1
                 lambda =    1.000000
                     rc =    6.000769
                 energy =   -0.429084
                kinetic =    1.231061
    potential(screened) =   -1.660144
       potential(ionic) =  -14.839695

   izeta = 2
                 rmatch =    5.567167
              splitnorm =    0.150000
                 energy =   -0.375757
                kinetic =    1.727187
    potential(screened) =   -2.102943
       potential(ionic) =  -16.786407

SPLIT: Orbitals with angular momentum L= 1

SPLIT: Basis orbitals for state 3p

SPLIT: PAO cut-off radius determined from an
SPLIT: energy shift=  0.020000 Ry

   izeta = 1
                 lambda =    1.000000
                     rc =    2.501437
                 energy =   -4.392890
                kinetic =    7.886379
    potential(screened) =  -12.279269
       potential(ionic) =  -38.968699

SPLIT: Orbitals with angular momentum L= 2

SPLIT: Basis orbitals for state 3d

SPLIT: PAO cut-off radius determined from an
SPLIT: energy shift=  0.020000 Ry

   izeta = 1
                 lambda =    1.000000
                     rc =    3.731752
                 energy =   -0.532554
                kinetic =   10.408483
    potential(screened) =  -10.941037
       potential(ionic) =  -34.619969

   izeta = 2
                 rmatch =    2.126247
              splitnorm =    0.150000
                 energy =   -0.118076
                kinetic =   14.245595
    potential(screened) =  -14.363671
       potential(ionic) =  -40.526339

POLgen: Perturbative polarization orbital with L=  1

POLgen: Polarization orbital for state 4s

   izeta = 1
                     rc =    6.000769
                 energy =    0.172058
                kinetic =    1.814170
    potential(screened) =   -1.642112
       potential(ionic) =  -13.394390
atom: Total number of Sankey-type orbitals: 19

atm_pop: Valence configuration (for local Pseudopot. screening):
 3s( 2.00) 4s( 2.00)                                                  
 3p( 6.00) 4p( 0.00)                                                  
 3d( 6.00)                                                            
Vna: chval, zval:   16.00000  16.00000

Vna:  Cut-off radius for the neutral-atom potential:   6.000769
comcore: Pseudo-core radius Rcore=  1.740807

atom: _________________________________________________________________________

prinput: Basis input 
* WARNING: This information might be incomplete!!!
----------------------------------------------------------

PAO.BasisType split     

%block ChemicalSpeciesLabel
    1   26 Fe_soc                  # Species index, atomic number, species label
%endblock ChemicalSpeciesLabel

%block PAO.Basis                 # Define Basis set
# WARNING: This information might be incomplete!!!
Fe_soc                4                    # Species label, number of l-shells
 n=3   0   1                         # n, l, Nzeta 
   2.263   
   1.000   
 n=4   0   2 P   1                   # n, l, Nzeta, Polarization, NzetaPol
   6.001      5.567   
   1.000      1.000   
 n=3   1   1                         # n, l, Nzeta 
   2.501   
   1.000   
 n=3   2   2                         # n, l, Nzeta 
   3.732      2.126   
   1.000      1.000   
%endblock PAO.Basis

prinput: ----------------------------------------------------------------------

CH_OVERLAP: New q2cut (Ry) =   3100.00
CH_OVERLAP: New q2cut (Ry) =   3844.00
CH_OVERLAP: New q2cut (Ry) =   4766.56
CH_OVERLAP: New q2cut (Ry) =   5910.53
Dumping basis to NetCDF file Fe_soc.ion.nc
coor:   Atomic-coordinates input format  =     Fractional

siesta: Atomic coordinates (Bohr) and species
siesta:      0.00000   0.00000   0.00000  1        1

siesta: System type = bulk      

initatomlists: Number of atoms, orbitals, and projectors:      1    19    24

siesta: ******************** Simulation parameters ****************************
siesta:
siesta: The following are some of the parameters of the simulation.
siesta: A complete list of the parameters used, including default values,
siesta: can be found in file out.fdf
siesta:
redata: Spin configuration                          = non-collinear
redata: Number of spin components                   = 4
redata: Time-Reversal Symmetry                      = F
redata: Spin spiral                                 = F
redata: Long output                                 =   F
redata: Number of Atomic Species                    =        1
redata: Charge density info will appear in .RHO file
redata: Write Mulliken Pop.                         = NO
redata: Matel table size (NRTAB)                    =     1024
redata: Mesh Cutoff                                 =   300.0000 Ry
redata: Net charge of the system                    =     0.0000 |e|
redata: Min. number of SCF Iter                     =        0
redata: Max. number of SCF Iter                     =     1000
redata: SCF convergence failure will abort job
redata: SCF mix quantity                            = Hamiltonian
redata: Mix DM or H after convergence               =   F
redata: Recompute H after scf cycle                 =   F
redata: Mix DM in first SCF step                    =   T
redata: Write Pulay info on disk                    =   F
redata: New DM Occupancy tolerance                  = 0.000000000001
redata: No kicks to SCF
redata: DM Mixing Weight for Kicks                  =     0.5000
redata: Require Harris convergence for SCF          =   F
redata: Harris energy tolerance for SCF             =     0.000100 eV
redata: Require DM convergence for SCF              =   T
redata: DM tolerance for SCF                        =     0.000100
redata: Require EDM convergence for SCF             =   F
redata: EDM tolerance for SCF                       =     0.001000 eV
redata: Require H convergence for SCF               =   T
redata: Hamiltonian tolerance for SCF               =     0.001000 eV
redata: Require (free) Energy convergence for SCF   =   F
redata: (free) Energy tolerance for SCF             =     0.000100 eV
redata: Using Saved Data (generic)                  =   F
redata: Use continuation files for DM               =   F
redata: Neglect nonoverlap interactions             =   F
redata: Method of Calculation                       = Diagonalization
redata: Electronic Temperature                      =   116.0444 K
redata: Fix the spin of the system                  =   F
redata: Max. number of TDED Iter                    =        1
redata: Number of TDED substeps                     =        3
redata: Dynamics option                             = Single-point calculation
mix.SCF: Pulay mixing                            = Pulay
mix.SCF:    Variant                              = stable
mix.SCF:    History steps                        = 10
mix.SCF:    Linear mixing weight                 =     0.010000
mix.SCF:    Mixing weight                        =     0.010000
mix.SCF:    SVD condition                        = 0.1000E-07
mix.SCF: Spin-component mixing                   all
redata: Save all siesta data in one NC              =   F
redata: ***********************************************************************

%block SCF.Mixers
  Pulay
%endblock SCF.Mixers

%block SCF.Mixer.Pulay
  # Mixing method
  method pulay
  variant stable

  # Mixing options
  weight 0.0100
  weight.linear 0.0100
  history 10
%endblock SCF.Mixer.Pulay

DM_history_depth set to one: no extrapolation allowed by default for geometry relaxation
Size of DM history Fstack: 1
Total number of electrons:    16.000000
Total ionic charge:    16.000000

* ProcessorY, Blocksize:    3   3


* Orbital distribution balance (max,min):     4     3


Time-reversal symmetry not used.

siesta: k-grid: Number of k-points =       343
siesta: k-points from Monkhorst-Pack grid
siesta: k-cutoff (effective) =     8.438 Ang
siesta: k-point supercell and displacements
siesta: k-grid:    7   0   0      0.000
siesta: k-grid:    0   7   0      0.000
siesta: k-grid:    0   0   7      0.000
k-point displ. along   1 input, could be:     0.00    0.50
k-point displ. along   2 input, could be:     0.00    0.50
k-point displ. along   3 input, could be:     0.00    0.50

Time-reversal symmetry not used.

siesta: PDOS k-grid: Number of k-points =      1000
siesta: PDOS k-points from Monkhorst-Pack grid
siesta: PDOS k-cutoff (effective) =    12.054 Ang
siesta: PDOS k-point supercell and displacements
siesta: k-grid:   10   0   0      0.000
siesta: k-grid:    0  10   0      0.000
siesta: k-grid:    0   0  10      0.000

diag: Algorithm                                     = D&C
diag: Parallel over k                               =   F
diag: Use parallel 2D distribution                  =   T
diag: Parallel block-size                           = 3
diag: Parallel distribution                         =     2 x     3
diag: Used triangular part                          = Lower
diag: Absolute tolerance                            =  0.100E-15
diag: Orthogonalization factor                      =  0.100E-05
diag: Memory factor                                 =  1.0000

superc: Internal auxiliary supercell:     9 x     9 x     9  =     729
superc: Number of atoms, orbitals, and projectors:    729  13851  17496


ts: **************************************************************
ts: Save H and S matrices                           =    F
ts: Save DM and EDM matrices                        =    F
ts: Only save the overlap matrix S                  =    F
ts: **************************************************************

************************ Begin: TS CHECKS AND WARNINGS ************************
************************ End: TS CHECKS AND WARNINGS **************************


                     ====================================
                        Single-point calculation
                     ====================================

superc: Internal auxiliary supercell:     9 x     9 x     9  =     729
superc: Number of atoms, orbitals, and projectors:    729  13851  17496

outcell: Unit cell vectors (Ang):
       -1.391873    1.391873    1.391873
        1.391873   -1.391873    1.391873
        1.391873    1.391873   -1.391873

outcell: Cell vector modules (Ang)   :    2.410795    2.410795    2.410795
outcell: Cell angles (23,13,12) (deg):    109.4712    109.4712    109.4712
outcell: Cell volume (Ang**3)        :     10.7860
<dSpData1D:S at geom step 0
  <sparsity:sparsity for geom step 0
    nrows_g=19 nrows=4 sparsity=12.0831 nnzs=4362, refcount: 7>
  <dData1D:(new from dSpData1D) n=4362, refcount: 1>
refcount: 1>
new_DM -- step:     1
Initializing Density Matrix...
DM filled with atomic data (user-defined):
<dSpData2D:DM initialized from atoms
  <sparsity:sparsity for geom step 0
    nrows_g=19 nrows=4 sparsity=12.0831 nnzs=4362, refcount: 8>
  <dData2D:DM n=4362 m=4, refcount: 1>
refcount: 1>
     spin moment: S , {S} =    4.00000   0.71442   1.53209   3.62523
No. of atoms with KB's overlaping orbs in proc 0. Max # of overlaps:      27     207

InitMesh: MESH = 24 x 24 x 24 = 13824
InitMesh: Mesh cutoff (required, used) =   300.000   410.861 Ry
New grid distribution [1]: sub = 2
New grid distribution [2]: sub = 2
New grid distribution [3]: sub = 2
Setting up quadratic distribution...
cdiag-debug: jobz=V, algo= 1, Node=    1, work=         171, rwork=        1063, iwork=         292
cdiag-debug: jobz=V, algo= 1, Node=    2, work=         171, rwork=        1063, iwork=         292
cdiag-debug: jobz=V, algo= 1, Node=    3, work=         171, rwork=        1099, iwork=         292
cdiag-debug: jobz=V, algo= 1, Node=    4, work=         171, rwork=         991, iwork=         292
cdiag-debug: jobz=V, algo= 1, Node=    5, work=         171, rwork=         991, iwork=         292
cdiag-debug: jobz=V, algo= 1, Node=    0, work=         171, rwork=        1183, iwork=         292

stepf: Fermi-Dirac step function

siesta: Program's energy decomposition (eV):
siesta: Ebs     =      -634.964671
siesta: Eions   =      4922.323177
siesta: Ena     =       577.741328
siesta: Ekin    =      1487.135864
siesta: Enl     =      -163.120067
siesta: Eso     =         0.000000
siesta: Edftu   =         0.000000
siesta: DEna    =        84.591756
siesta: DUscf   =         4.855693
siesta: DUext   =         0.000000
siesta: Ex      =      -447.707982
siesta: Ec      =       -26.295106
siesta: Exc     =      -474.003088
siesta: eta*DQ  =         0.000000
siesta: Emadel  =         0.000000
siesta: Emeta   =         0.000000
siesta: Emolmec =         0.000000
siesta: Ekinion =         0.000000
siesta: Eharris =     -3394.500560
siesta: Etot    =     -3405.121691
siesta: FreeEng =     -3405.122208

        iscf     Eharris(eV)        E_KS(eV)     FreeEng(eV)     dDmax    Ef(eV) dHmax(eV)
   scf:    1    -3394.500560    -3405.121691    -3405.122208  0.508272 -1.027352 11.271731
     spin moment: S , {S} =    2.52909   0.45171   0.96870   2.29213
timer: Routine,Calls,Time,% = IterSCF        1       1.940  64.10
   scf:    2    -3405.369604    -3405.246131    -3405.246636  0.005730 -1.091208 10.997602
     spin moment: S , {S} =    2.52988   0.45185   0.96900   2.29285
   scf:    3    -3408.347581    -3407.670648    -3407.671130  0.182120 -3.631270  0.928786
     spin moment: S , {S} =    2.53061   0.45198   0.96928   2.29351
   scf:    4    -3407.410063    -3407.559991    -3407.560458  0.018915 -3.889858  2.384268
     spin moment: S , {S} =    2.53061   0.45198   0.96928   2.29351
   scf:    5    -3407.619365    -3407.690269    -3407.690683  0.063448 -3.206035  1.325963
     spin moment: S , {S} =    2.17698   0.38882   0.83383   1.97301
   scf:    6    -3407.756900    -3407.735171    -3407.735662  0.020537 -3.554334  0.146981
     spin moment: S , {S} =    2.25076   0.40200   0.86209   2.03988
   scf:    7    -3407.717816    -3407.729737    -3407.729773  0.008894 -3.691200  0.522995
     spin moment: S , {S} =    2.32126   0.41459   0.88909   2.10378
   scf:    8    -3407.738504    -3407.735240    -3407.735250  0.005901 -3.564359  0.147570
     spin moment: S , {S} =    2.32066   0.41448   0.88886   2.10323
   scf:    9    -3407.736623    -3407.735921    -3407.736027  0.002861 -3.554271  0.141010
     spin moment: S , {S} =    2.31849   0.41410   0.88803   2.10127
   scf:   10    -3407.733865    -3407.735051    -3407.735131  0.002930 -3.569601  0.254394
     spin moment: S , {S} =    2.31915   0.41422   0.88829   2.10187
   scf:   11    -3407.733980    -3407.736209    -3407.736883  0.008014 -3.504504  0.159451
     spin moment: S , {S} =    2.25340   0.40247   0.86310   2.04228
   scf:   12    -3407.736937    -3407.736788    -3407.737545  0.001587 -3.523338  0.015663
     spin moment: S , {S} =    2.26846   0.40516   0.86887   2.05593
   scf:   13    -3407.736983    -3407.736816    -3407.737381  0.004605 -3.520532  0.041396
     spin moment: S , {S} =    2.29495   0.40989   0.87902   2.07993
   scf:   14    -3407.736668    -3407.736745    -3407.737189  0.001473 -3.523873  0.032890
     spin moment: S , {S} =    2.30430   0.41156   0.88260   2.08840
   scf:   15    -3407.737065    -3407.736784    -3407.737549  0.006406 -3.527147  0.005253
     spin moment: S , {S} =    2.26628   0.40477   0.86804   2.05395
   scf:   16    -3407.736739    -3407.736761    -3407.737544  0.000398 -3.527103  0.007367
     spin moment: S , {S} =    2.26368   0.40431   0.86704   2.05159
   scf:   17    -3407.736902    -3407.736824    -3407.737554  0.001203 -3.526640  0.003865
     spin moment: S , {S} =    2.27129   0.40567   0.86995   2.05849
   scf:   18    -3407.736799    -3407.736812    -3407.737553  0.000174 -3.528389  0.006642
     spin moment: S , {S} =    2.27064   0.40555   0.86971   2.05790
   scf:   19    -3407.736787    -3407.736799    -3407.737552  0.000261 -3.528567  0.006828
     spin moment: S , {S} =    2.26902   0.40526   0.86908   2.05643
   scf:   20    -3407.736733    -3407.736764    -3407.737546  0.000577 -3.529393  0.009875
     spin moment: S , {S} =    2.26550   0.40463   0.86774   2.05324
   scf:   21    -3407.736892    -3407.736823    -3407.737554  0.000990 -3.527086  0.001632
     spin moment: S , {S} =    2.27124   0.40566   0.86994   2.05845
   scf:   22    -3407.736838    -3407.736831    -3407.737553  0.000164 -3.526552  0.004785
     spin moment: S , {S} =    2.27212   0.40581   0.87027   2.05924
   scf:   23    -3407.736834    -3407.736832    -3407.737553  0.000052 -3.526982  0.002061
     spin moment: S , {S} =    2.27256   0.40589   0.87044   2.05964
   scf:   24    -3407.736818    -3407.736825    -3407.737554  0.000165 -3.527349  0.000277
     spin moment: S , {S} =    2.27163   0.40573   0.87009   2.05880
   scf:   25    -3407.736825    -3407.736825    -3407.737554  0.000004 -3.527347  0.000293
     spin moment: S , {S} =    2.27166   0.40573   0.87009   2.05882

SCF Convergence by DM+H criterion
max |DM_out - DM_in|         :     0.0000039366
max |H_out - H_in|      (eV) :     0.0002934620
SCF cycle converged after 25 iterations

Using DM_out to compute the final energy and forces
No. of atoms with KB's overlaping orbs in proc 0. Max # of overlaps:      27     207

siesta: E_KS(eV) =            -3407.7368

siesta: E_KS - E_eggbox =     -3407.7368
     spin moment: S , {S} =    2.27166   0.40573   0.87009   2.05882

siesta: Atomic forces (eV/Ang):
----------------------------------------
   Tot    0.000000   -0.000000    0.000000
----------------------------------------
   Max    0.000000
   Res    0.000000    sqrt( Sum f_i^2 / 3N )
----------------------------------------
   Max    0.000000    constrained

Stress tensor Voigt[x,y,z,yz,xz,xy] (kbar):     -150.30     -150.30     -150.30        0.32        0.32        0.32
(Free)E + p*V (eV/cell)    -3406.7257
Target enthalpy (eV/cell)    -3407.7376

siesta: PDOS info
siesta: Shifting energies with respect to Fermi-level
siesta: E1 -- E2, sigma [eV], nhist:   -8.527 --    1.473    0.200 1000

siesta: Program's energy decomposition (eV):
siesta: Ebs     =      -565.852073
siesta: Eions   =      4922.323177
siesta: Ena     =       577.741328
siesta: Ekin    =      1575.604344
siesta: Enl     =      -190.000921
siesta: Eso     =         0.000000
siesta: Edftu   =         0.000000
siesta: DEna    =        35.860933
siesta: DUscf   =         0.765418
siesta: DUext   =         0.000000
siesta: Ex      =      -459.055935
siesta: Ec      =       -26.328815
siesta: Exc     =      -485.384749
siesta: eta*DQ  =         0.000000
siesta: Emadel  =         0.000000
siesta: Emeta   =         0.000000
siesta: Emolmec =         0.000000
siesta: Ekinion =         0.000000
siesta: Eharris =     -3407.736825
siesta: Etot    =     -3407.736825
siesta: FreeEng =     -3407.737554

siesta: Final energy (eV):
siesta:  Band Struct. =    -565.852073
siesta:       Kinetic =    1575.604344
siesta:       Hartree =     816.433119
siesta:       Edftu   =       0.000000
siesta:       Eso     =       0.000000
siesta:    Ext. field =       0.000000
siesta:         Exch. =    -459.055935
siesta:         Corr. =     -26.328815
siesta:   Exch.-corr. =    -485.384749
siesta:  Ion-electron =   -3286.620038
siesta:       Ion-ion =   -2027.769501
siesta:       Ekinion =       0.000000
siesta:         Total =   -3407.736825
siesta:         Fermi =      -3.527347

siesta: Stress tensor (static) (eV/Ang**3):
siesta:    -0.093808    0.000199    0.000199
siesta:     0.000199   -0.093808    0.000199
siesta:     0.000199    0.000199   -0.093808

siesta: Cell volume =         10.785960 Ang**3

siesta: Pressure (static):
siesta:                Solid            Molecule  Units
siesta:           0.00102169          0.00102169  Ry/Bohr**3
siesta:           0.09380832          0.09380832  eV/Ang**3
siesta:         150.29911508        150.29911508  kBar
(Free)E+ p_basis*V_orbitals  =       -3407.200179
(Free)Eharris+ p_basis*V_orbitals  =       -3407.200179
     spin moment: S , {S} =    2.27166   0.40573   0.87009   2.05882

cite: Please see "pdos_k_nc_fe.bib" for an exhaustive BiBTeX file.
cite: Please clearly indicate Siesta version in published work: 5.0.0-alpha-48-gf647239f1
cite: This calculation has made use of the following articles
cite: which are encouraged to be cited in a published work.
        Primary SIESTA paper
          DOI: www.doi.org/10.1088/0953-8984/14/11/302


>> End of run:  10-FEB-2022   9:43:12
Job completed
