Siesta Version  : master-post-4.1-264-psolver
Architecture    : x86_64-linux-gcc
Compiler version: GNU Fortran (GCC) 9.1.0
Compiler flags  : mpifort -m64 -fPIC -O3 -ftree-vectorize -fexpensive-optimizations -funroll-loops -fprefetch-loop-arrays -fgraphite -fipa-icf -fipa-pure-const -march=native -fschedule-fusion -fselective-scheduling -fstack-arrays -fmax-stack-var-size=10000 -fipa-sra -fipa-cp -fno-second-underscore -Wrealloc-lhs -Wrealloc-lhs-all
PP flags        : -DSIESTA__FLOOK -DSIESTA__METIS -DSIESTA__FFTW -DTS_PVT_METIS -DSIESTA__MRRR -DSIESTA__PSOLVER -DMPI -DFC_HAVE_FLUSH -DFC_HAVE_ABORT -DCDF -DGRID_DP -DMPI_TIMING -DTRANSIESTA_TIMING -DTBTRANS_TIMING -DSIESTA__MUMPS -DNCDF_PARALLEL -DNCDF -DNCDF_4 -DSCALAPACK_DEBUG -D_DIAG_WORK -DSIESTA__DIAG_2STAGE -DSIESTA__ELPA
Libraries       : libncdf.a libfdict.a  -lzmumps -lmumps_common -lpord -lparmetis -lmetis -lesmumps -lscotch -lscotcherr -L/opt/gnu/9.1.0/elpa/2018.11.001/lib -Wl,-rpath=/opt/gnu/9.1.0/elpa/2018.11.001/lib -lelpa -L/opt/gnu/9.1.0/scalapack/204/lib -Wl,-rpath=/opt/gnu/9.1.0/scalapack/204/lib -lscalapack  -L/opt/gnu/9.1.0/openblas/0.3.6/lib -Wl,-rpath=/opt/gnu/9.1.0/openblas/0.3.6/lib -lopenblas -L/home/nicpa/codes/flook/obj -lflookall -ldl -l:libnetcdff.so  -m64 -fPIC -O3 -ftree-vectorize -fexpensive-optimizations -funroll-loops -fprefetch-loop-arrays -fgraphite -fipa-icf -fipa-pure-const -march=native -fschedule-fusion -fselective-scheduling -fstack-arrays -fmax-stack-var-size=10000 -fipa-sra -fipa-cp -fno-second-underscore -Wrealloc-lhs -Wrealloc-lhs-all -L/opt/gnu/9.1.0/fftw/3.3.8/lib -Wl,-rpath=/opt/gnu/9.1.0/fftw/3.3.8/lib -lfftw3 -L/home/nicpa/installation/bash-build/.compile/bigdft-suite-1.9.0/build//install/lib -Wl,-rpath=/home/nicpa/installation/bash-build/.compile/bigdft-suite-1.9.0/build//install/lib -lPSolver-1 -latlab-1 -lfutile-1 -ldicts -lfmalloc-1 -lyaml
Directory       : /home/nicpa/siesta/siesta/Obj/Tests/si2x1h-psolver/n8
PARALLEL version
NetCDF support
NetCDF-4 support
NetCDF-4 MPI-IO support
METIS ordering support
Lua support

* Running on 8 nodes in parallel
>> Start of run:  27-FEB-2020   9:06:26

                           ***********************       
                           *  WELCOME TO SIESTA  *       
                           ***********************       

reinit: Reading from ../si2x1h-psolver.fdf

reinit: -----------------------------------------------------------------------
reinit: System Name: Si(100)-2x1 3 layers (H-saturated
reinit: -----------------------------------------------------------------------
reinit: System Label: si2x1h-psolver
reinit: -----------------------------------------------------------------------

initatom: Reading input for the pseudopotentials and atomic orbitals ----------
Species number:   1 Atomic number:   14 Label: Si
Species number:   2 Atomic number:    1 Label: H

Ground state valence configuration:   3s02  3p02
Reading pseudopotential information in formatted form from Si.psf

Valence configuration for pseudopotential generation:
3s( 2.00) rc: 1.89
3p( 2.00) rc: 1.89
3d( 0.00) rc: 1.89
4f( 0.00) rc: 1.89
Ground state valence configuration:   1s01
Reading pseudopotential information in formatted form from H.psf

Valence configuration for pseudopotential generation:
1s( 1.00) rc: 1.25
2p( 0.00) rc: 1.25
3d( 0.00) rc: 1.25
4f( 0.00) rc: 1.25
For Si, standard SIESTA heuristics set lmxkb to 2
 (one more than the basis l, including polarization orbitals).
Use PS.lmax or PS.KBprojectors blocks to override.
For H, standard SIESTA heuristics set lmxkb to 1
 (one more than the basis l, including polarization orbitals).
Use PS.lmax or PS.KBprojectors blocks to override.

<basis_specs>
===============================================================================
Si                   Z=  14    Mass=  28.090        Charge= 0.17977+309
Lmxo=1 Lmxkb= 2    BasisType=split      Semic=F
L=0  Nsemic=0  Cnfigmx=3
          i=1  nzeta=1  polorb=0  (3s)
            splnorm:   0.30000    
               vcte:    0.0000    
               rinn:    0.0000    
               qcoe:    0.0000    
               qyuk:    0.0000    
               qwid:   0.10000E-01
                rcs:    0.0000    
            lambdas:    1.0000    
L=1  Nsemic=0  Cnfigmx=3
          i=1  nzeta=1  polorb=0  (3p)
            splnorm:   0.30000    
               vcte:    0.0000    
               rinn:    0.0000    
               qcoe:    0.0000    
               qyuk:    0.0000    
               qwid:   0.10000E-01
                rcs:    0.0000    
            lambdas:    1.0000    
-------------------------------------------------------------------------------
L=0  Nkbl=1  erefs: 0.17977+309
L=1  Nkbl=1  erefs: 0.17977+309
L=2  Nkbl=1  erefs: 0.17977+309
===============================================================================
</basis_specs>

atom: Called for Si                    (Z =  14)

read_vps: Pseudopotential generation method:
read_vps: ATM3      Troullier-Martins                       
Total valence charge:    4.00000

xc_check: Exchange-correlation functional:
xc_check: Ceperley-Alder
V l=0 = -2*Zval/r beyond r=  2.5494
V l=1 = -2*Zval/r beyond r=  2.5494
V l=2 = -2*Zval/r beyond r=  2.5494
All V_l potentials equal beyond r=  1.8652
This should be close to max(r_c) in ps generation
All pots = -2*Zval/r beyond r=  2.5494
Using large-core scheme for Vlocal

atom: Estimated core radius    2.54944

atom: Including non-local core corrections could be a good idea
atom: Maximum radius for 4*pi*r*r*local-pseudopot. charge    2.85303
atom: Maximum radius for r*vlocal+2*Zval:    2.58151

KBgen: Kleinman-Bylander projectors: 
GHOST: No ghost state for L =  0
   l= 0   rc=  1.936440   el= -0.796617   Ekb=  4.661340   kbcos=  0.299756
GHOST: No ghost state for L =  1
   l= 1   rc=  1.936440   el= -0.307040   Ekb=  1.494238   kbcos=  0.301471
GHOST: No ghost state for L =  2
   l= 2   rc=  1.936440   el=  0.002313   Ekb= -2.808672   kbcos= -0.054903

KBgen: Total number of  Kleinman-Bylander projectors:    9
atom: -------------------------------------------------------------------------

atom: SANKEY-TYPE ORBITALS:

SPLIT: Orbitals with angular momentum L= 0

SPLIT: Basis orbitals for state 3s

SPLIT: PAO cut-off radius determined from an
SPLIT: energy shift=  0.014700 Ry

   izeta = 1
                 lambda =    1.000000
                     rc =    5.264094
                 energy =   -0.784048
                kinetic =    0.554443
    potential(screened) =   -1.338491
       potential(ionic) =   -3.803943

SPLIT: Orbitals with angular momentum L= 1

SPLIT: Basis orbitals for state 3p

SPLIT: PAO cut-off radius determined from an
SPLIT: energy shift=  0.014700 Ry

   izeta = 1
                 lambda =    1.000000
                     rc =    6.429618
                 energy =   -0.291747
                kinetic =    0.864936
    potential(screened) =   -1.156682
       potential(ionic) =   -3.408656
atom: Total number of Sankey-type orbitals:  4

atm_pop: Valence configuration (for local Pseudopot. screening):
 3s( 2.00)                                                            
 3p( 2.00)                                                            
Vna: chval, zval:    4.00000   4.00000

Vna:  Cut-off radius for the neutral-atom potential:   6.429618

atom: _________________________________________________________________________

<basis_specs>
===============================================================================
H                    Z=   1    Mass=  1.0100        Charge= 0.17977+309
Lmxo=0 Lmxkb= 1    BasisType=split      Semic=F
L=0  Nsemic=0  Cnfigmx=1
          i=1  nzeta=1  polorb=0  (1s)
            splnorm:   0.30000    
               vcte:    0.0000    
               rinn:    0.0000    
               qcoe:    0.0000    
               qyuk:    0.0000    
               qwid:   0.10000E-01
                rcs:    0.0000    
            lambdas:    1.0000    
-------------------------------------------------------------------------------
L=0  Nkbl=1  erefs: 0.17977+309
L=1  Nkbl=1  erefs: 0.17977+309
===============================================================================
</basis_specs>

atom: Called for H                     (Z =   1)

read_vps: Pseudopotential generation method:
read_vps: ATM3      Troullier-Martins                       
Total valence charge:    1.00000

xc_check: Exchange-correlation functional:
xc_check: Ceperley-Alder
V l=0 = -2*Zval/r beyond r=  1.2343
V l=1 = -2*Zval/r beyond r=  1.2189
All V_l potentials equal beyond r=  1.2343
This should be close to max(r_c) in ps generation
All pots = -2*Zval/r beyond r=  1.2343

VLOCAL1: 99.0% of the norm of Vloc inside     28.493 Ry
VLOCAL1: 99.9% of the norm of Vloc inside     64.935 Ry
atom: Maximum radius for 4*pi*r*r*local-pseudopot. charge    1.45251
atom: Maximum radius for r*vlocal+2*Zval:    1.21892

KBgen: Kleinman-Bylander projectors: 
GHOST: No ghost state for L =  0
   l= 0   rc=  1.364359   el= -0.467325   Ekb= -2.005361   kbcos= -0.336422
GHOST: No ghost state for L =  1
   l= 1   rc=  1.434438   el=  0.001430   Ekb= -0.501708   kbcos= -0.021697

KBgen: Total number of  Kleinman-Bylander projectors:    4
atom: -------------------------------------------------------------------------

atom: SANKEY-TYPE ORBITALS:

SPLIT: Orbitals with angular momentum L= 0

SPLIT: Basis orbitals for state 1s

SPLIT: PAO cut-off radius determined from an
SPLIT: energy shift=  0.014700 Ry

   izeta = 1
                 lambda =    1.000000
                     rc =    5.075940
                 energy =   -0.454238
                kinetic =    0.905976
    potential(screened) =   -1.360214
       potential(ionic) =   -1.894198
atom: Total number of Sankey-type orbitals:  1

atm_pop: Valence configuration (for local Pseudopot. screening):
 1s( 1.00)                                                            
Vna: chval, zval:    1.00000   1.00000

Vna:  Cut-off radius for the neutral-atom potential:   5.075940

atom: _________________________________________________________________________

prinput: Basis input ----------------------------------------------------------

PAO.BasisType split     

%block ChemicalSpeciesLabel
    1   14 Si                      # Species index, atomic number, species label
    2    1 H                       # Species index, atomic number, species label
%endblock ChemicalSpeciesLabel

%block PAO.Basis                 # Define Basis set
Si                    2                    # Species label, number of l-shells
 n=3   0   1                         # n, l, Nzeta 
   5.264   
   1.000   
 n=3   1   1                         # n, l, Nzeta 
   6.430   
   1.000   
H                     1                    # Species label, number of l-shells
 n=1   0   1                         # n, l, Nzeta 
   5.076   
   1.000   
%endblock PAO.Basis

prinput: ----------------------------------------------------------------------

Dumping basis to NetCDF file Si.ion.nc
Dumping basis to NetCDF file H.ion.nc
coor:   Atomic-coordinates input format  =     Cartesian coordinates
coor:                                          (in units of alat)
coor:   Atomic-coodinates centered at COP (Y only)

siesta: Atomic coordinates (Bohr) and species
siesta:     -0.00017   7.77983   2.11611  1        1
siesta:      0.00010   6.56722   6.16119  1        2
siesta:      3.60770   8.78993  -0.03789  1        3
siesta:      3.60795   8.89052   7.06713  1        4
siesta:      3.60787  11.51034   3.60787  1        5
siesta:      3.60787  11.51034  10.82360  1        6
siesta:      1.45758  13.29696   3.60787  2        7
siesta:      5.75816  13.29696   3.60787  2        8
siesta:      1.45758  13.29696  10.82360  2        9
siesta:      5.75816  13.29696  10.82360  2       10

siesta: System type = slab      

initatomlists: Number of atoms, orbitals, and projectors:     10    28    70

siesta: ******************** Simulation parameters ****************************
siesta:
siesta: The following are some of the parameters of the simulation.
siesta: A complete list of the parameters used, including default values,
siesta: can be found in file out.fdf
siesta:
redata: Spin configuration                          = none
redata: Number of spin components                   = 1
redata: Time-Reversal Symmetry                      = T
redata: Spin-spiral                                 = F
redata: Long output                                 =   F
redata: Number of Atomic Species                    =        2
redata: Charge density info will appear in .RHO file
redata: Write Mulliken Pop.                         = Atomic and Orbital charges
redata: Matel table size (NRTAB)                    =     1024
redata: Mesh Cutoff                                 =    50.0000 Ry
redata: Net charge of the system                    =     0.0000 |e|
redata: Min. number of SCF Iter                     =        0
redata: Max. number of SCF Iter                     =     1000
redata: SCF convergence failure will abort job
redata: SCF mix quantity                            = Hamiltonian
redata: Mix DM or H after convergence               =   F
redata: Recompute H after scf cycle                 =   F
redata: Mix DM in first SCF step                    =   T
redata: Write Pulay info on disk                    =   F
redata: New DM Occupancy tolerance                  = 0.000000000001
redata: No kicks to SCF
redata: DM Mixing Weight for Kicks                  =     0.5000
redata: Require Harris convergence for SCF          =   F
redata: Harris energy tolerance for SCF             =     0.000100 eV
redata: Require DM convergence for SCF              =   T
redata: DM tolerance for SCF                        =     0.000100
redata: Require EDM convergence for SCF             =   F
redata: EDM tolerance for SCF                       =     0.001000 eV
redata: Require H convergence for SCF               =   T
redata: Hamiltonian tolerance for SCF               =     0.001000 eV
redata: Require (free) Energy convergence for SCF   =   F
redata: (free) Energy tolerance for SCF             =     0.000100 eV
redata: Using Saved Data (generic)                  =   F
redata: Use continuation files for DM               =   T
redata: Neglect nonoverlap interactions             =   F
redata: Method of Calculation                       = Diagonalization
redata: Electronic Temperature                      =   299.9869 K
redata: Fix the spin of the system                  =   F
redata: Max. number of TDED Iter                    =        1
redata: Number of TDED substeps                     =        3
redata: Dynamics option                             = Single-point calculation
mix.SCF: Pulay mixing                            = Pulay
mix.SCF:    Variant                              = stable
mix.SCF:    History steps                        = 3
mix.SCF:    Linear mixing weight                 =     0.100000
mix.SCF:    Mixing weight                        =     0.100000
mix.SCF:    SVD condition                        = 0.1000E-07
Poisson solver                                      = PSolver
PSolver interpolating scaling order                 =  16
PSolver finite difference order                     =  16
PSolver cavity type                                 = none
PSolver verbose (for debugging)                     =   F
redata: Save all siesta data in one NC              =   F
redata: ***********************************************************************

%block SCF.Mixers
  Pulay
%endblock SCF.Mixers

%block SCF.Mixer.Pulay
  # Mixing method
  method pulay
  variant stable

  # Mixing options
  weight 0.1000
  weight.linear 0.1000
  history 3
%endblock SCF.Mixer.Pulay

DM_history_depth set to one: no extrapolation allowed by default for geometry relaxation
Size of DM history Fstack: 1
Total number of electrons:    28.000000
Total ionic charge:    28.000000

* ProcessorY, Blocksize:    2   3


* Orbital distribution balance (max,min):     6     3

 Kpoints in:            3 . Kpoints trimmed:            3

siesta: k-grid: Number of k-points =         3
siesta: k-points from cutoff
siesta: k-cutoff (effective) =     5.728 Ang
siesta: k-point supercell and displacements
siesta: k-grid:    3   0   0      0.000
siesta: k-grid:    0   0   2      0.500
siesta: k-grid:    0   1   0      0.000

diag: Algorithm                                     = D&C
diag: Parallel over k                               =   F
diag: Use parallel 2D distribution                  =   T
diag: Parallel block-size                           = 3
diag: Parallel distribution                         =     2 x     4
diag: Used triangular part                          = Lower
diag: Absolute tolerance                            =  0.100E-15
diag: Orthogonalization factor                      =  0.100E-05
diag: Memory factor                                 =  1.0000

superc: Internal auxiliary supercell:     5 x     1 x     3  =      15
superc: Number of atoms, orbitals, and projectors:    150    420   1050

siesta: Constraint (6): pos
  [ 5 -- 10 ]


ts: **************************************************************
ts: Save H and S matrices                           =    F
ts: Save DM and EDM matrices                        =    F
ts: Only save the overlap matrix S                  =    F
ts: **************************************************************

************************ Begin: TS CHECKS AND WARNINGS ************************
************************ End: TS CHECKS AND WARNINGS **************************


                     ====================================
                        Single-point calculation
                     ====================================

outcoor: Atomic coordinates (scaled):                       
   -0.00009057    4.11690909    1.11979804   1       1  Si
    0.00005105    3.47522029    3.26036199   1       2  Si
    1.90911397    4.65142804   -0.02005111   1       3  Si
    1.90924185    4.70465661    3.73976124   1       4  Si
    1.90920000    6.09100711    1.90920000   1       5  Si
    1.90920000    6.09100711    5.72760000   1       6  Si
    0.77131680    7.03644295    1.90920000   2       7  H
    3.04708320    7.03644295    1.90920000   2       8  H
    0.77131680    7.03644295    5.72760000   2       9  H
    3.04708320    7.03644295    5.72760000   2      10  H

superc: Internal auxiliary supercell:     5 x     1 x     3  =      15
superc: Number of atoms, orbitals, and projectors:    150    420   1050

outcell: Unit cell vectors (Ang):
        3.818400    0.000000    0.000000
        0.000000   11.455200    0.000000
        0.000000    0.000000    7.636800

outcell: Cell vector modules (Ang)   :    3.818400   11.455200    7.636800
outcell: Cell angles (23,13,12) (deg):     90.0000     90.0000     90.0000
outcell: Cell volume (Ang**3)        :    334.0377
<dSpData1D:S at geom step 0
  <sparsity:sparsity for geom step 0
    nrows_g=28 nrows=6 sparsity=.9298 nnzs=729, refcount: 7>
  <dData1D:(new from dSpData1D) n=729, refcount: 1>
refcount: 1>
new_DM -- step:     1
Initializing Density Matrix...

Attempting to read DM from file... Failed...
DM filled with atomic data:
<dSpData2D:DM initialized from atoms
  <sparsity:sparsity for geom step 0
    nrows_g=28 nrows=6 sparsity=.9298 nnzs=729, refcount: 8>
  <dData2D:DM n=729 m=1, refcount: 1>
refcount: 1>
No. of atoms with KB's overlaping orbs in proc 0. Max # of overlaps:      25      52
New grid distribution:   1
           1       1:   18    1:   25    1:    9
           2       1:   18    1:   25   10:   18
           3       1:   18    1:   25   19:   27
           4       1:   18    1:   25   28:   36
           5       1:   18   26:   50    1:    9
           6       1:   18   26:   50   10:   18
           7       1:   18   26:   50   19:   27
           8       1:   18   26:   50   28:   36

InitMesh: MESH =    18 x    50 x    36 =       32400
InitMesh: (bp) =    18 x    50 x    36 =       32400
InitMesh: Mesh cutoff (required, used) =    50.000    52.655 Ry
ExtMesh (bp) on 0 =    86 x    85 x    77 =      562870
New grid distribution:   2
           1       1:   18    1:   18    1:   14
           2       1:   18   19:   23    1:   14
           3       1:   18    1:   18   15:   36
           4       1:   18   19:   23   15:   36
           5       1:   18   28:   50    1:   16
           6       1:   18   24:   27    1:   16
           7       1:   18   28:   50   17:   36
           8       1:   18   24:   27   17:   36
New grid distribution:   3
           1       1:   18   33:   50   19:   36
           2       1:   18   24:   32    1:   18
           3       1:   18    1:   14   18:   36
           4       1:   18   15:   23   18:   36
           5       1:   18   33:   50    1:   18
           6       1:   18    1:   13    1:   17
           7       1:   18   14:   23    1:   17
           8       1:   18   24:   32   19:   36
Setting up quadratic distribution...
ExtMesh (bp) on 0 =    86 x    78 x    82 =      550056
PhiOnMesh: Number of (b)points on node 0 =                 4536
PhiOnMesh: nlist on node 0 =                51742
New grid distribution:   4
           1       1:   18    1:   50    1:    5
           2       1:   18    1:   50    6:   10
           3       1:   18    1:   50   11:   15
           4       1:   18    1:   50   16:   20
           5       1:   18    1:   50   21:   25
           6       1:   18    1:   50   26:   30
           7       1:   18    1:   50   31:   35
           8       1:   18    1:   50   36:   36
cdiag-debug: jobz=V, algo= 1, Node=    1, work=         126, rwork=         568, iwork=         230
cdiag-debug: jobz=V, algo= 1, Node=    4, work=         126, rwork=         604, iwork=         230
cdiag-debug: jobz=V, algo= 1, Node=    6, work=         126, rwork=         487, iwork=         230
cdiag-debug: jobz=V, algo= 1, Node=    0, work=         126, rwork=         658, iwork=         230
cdiag-debug: jobz=V, algo= 1, Node=    2, work=         126, rwork=         523, iwork=         230
cdiag-debug: jobz=V, algo= 1, Node=    5, work=         126, rwork=         526, iwork=         230
cdiag-debug: jobz=V, algo= 1, Node=    3, work=         126, rwork=         523, iwork=         230
cdiag-debug: jobz=V, algo= 1, Node=    7, work=         126, rwork=         487, iwork=         230

stepf: Fermi-Dirac step function

siesta: Program's energy decomposition (eV):
siesta: Ebs     =      -360.624754
siesta: Eions   =      1221.235657
siesta: Ena     =       369.291243
siesta: Ekin    =       285.092251
siesta: Enl     =        70.665489
siesta: Eso     =         0.000000
siesta: Eldau   =         0.000000
siesta: DEna    =        21.245145
siesta: DUscf   =         3.764481
siesta: DUext   =         0.000000
siesta: Exc     =      -223.368591
siesta: eta*DQ  =         0.000000
siesta: Emadel  =         0.000000
siesta: Emeta   =         0.000000
siesta: Emolmec =         0.000000
siesta: Ekinion =         0.000000
siesta: Eharris =      -684.224473
siesta: Etot    =      -694.545639
siesta: FreeEng =      -694.545639

        iscf     Eharris(eV)        E_KS(eV)     FreeEng(eV)     dDmax    Ef(eV) dHmax(eV)
   scf:    1     -684.224473     -694.545639     -694.545639  1.148492 -4.125200  5.709695
timer: Routine,Calls,Time,% = IterSCF        1       0.470  60.13
   scf:    2     -696.173137     -695.429818     -695.429818  0.082725 -4.390564  3.918450
   scf:    3     -695.725827     -696.026288     -696.026288  0.254891 -5.018049  1.469774
   scf:    4     -693.371970     -695.423782     -695.423782  0.314098 -5.226206  2.435861
   scf:    5     -696.371961     -696.226355     -696.226355  0.204903 -5.264875  0.595497
   scf:    6     -696.227376     -696.229945     -696.229945  0.017654 -5.336121  0.318273
   scf:    7     -696.237542     -696.237807     -696.237807  0.026939 -5.381669  0.155051
   scf:    8     -696.239272     -696.238756     -696.238756  0.004685 -5.394222  0.090523
   scf:    9     -696.239846     -696.239333     -696.239333  0.001849 -5.402147  0.056734
   scf:   10     -696.240302     -696.239883     -696.239883  0.003067 -5.413285  0.030236
   scf:   11     -696.240015     -696.239952     -696.239952  0.000579 -5.416008  0.026613
   scf:   12     -696.240074     -696.240018     -696.240018  0.000863 -5.420647  0.023527
   scf:   13     -696.240035     -696.240029     -696.240029  0.000554 -5.424100  0.024934
   scf:   14     -696.240015     -696.240024     -696.240024  0.000540 -5.428755  0.022989
   scf:   15     -696.240033     -696.240029     -696.240029  0.000383 -5.433273  0.016611
   scf:   16     -696.240060     -696.240046     -696.240046  0.000545 -5.437222  0.009211
   scf:   17     -696.240063     -696.240058     -696.240058  0.000838 -5.439769  0.005054
   scf:   18     -696.240059     -696.240058     -696.240058  0.000161 -5.439748  0.004898
   scf:   19     -696.240060     -696.240059     -696.240059  0.000133 -5.439192  0.003252
   scf:   20     -696.240060     -696.240060     -696.240060  0.000088 -5.439012  0.002010
   scf:   21     -696.240060     -696.240060     -696.240060  0.000070 -5.439039  0.001707
   scf:   22     -696.240060     -696.240060     -696.240060  0.000026 -5.439255  0.001504
   scf:   23     -696.240060     -696.240060     -696.240060  0.000063 -5.439821  0.001143
   scf:   24     -696.240060     -696.240060     -696.240060  0.000073 -5.440349  0.000908

SCF Convergence by DM+H criterion
max |DM_out - DM_in|         :     0.0000734700
max |H_out - H_in|      (eV) :     0.0009077162
SCF cycle converged after 24 iterations

Using DM_out to compute the final energy and forces
No. of atoms with KB's overlaping orbs in proc 0. Max # of overlaps:      25      52

siesta: E_KS(eV) =             -696.2401

siesta: E_KS - E_eggbox =      -696.2401

siesta: Atomic forces (eV/Ang):
     1   -0.000360   -1.087968   -1.018312
     2    0.000037   -1.795550    1.009622
     3   -0.000459   -0.068423   -0.935604
     4    0.000034    0.554277    1.459283
     5   -0.000115    0.169891    0.047703
     6   -0.000010   -2.635959   -0.565335
     7   -1.646515    1.316157   -0.053638
     8    1.646523    1.316119   -0.053686
     9   -1.669860    1.138823    0.086710
    10    1.669873    1.138810    0.086799
----------------------------------------
   Tot   -0.000852    0.046177    0.063541
----------------------------------------
   Max    2.635959
   Res    0.194816    sqrt( Sum f_i^2 / 3N )
----------------------------------------
   Max    1.795550    constrained

Stress-tensor-Voigt (kbar):     -129.80      -62.44      -35.03       -0.00        6.14        0.00
(Free)E + p*V (eV/cell)     -680.4459
Target enthalpy (eV/cell)     -696.2401

mulliken: Atomic and Orbital Populations:

Species: Si                  
Atom  Qatom  Qorb
               3s      3py     3pz     3px     
   1  3.974   1.433   0.776   0.922   0.843
   2  3.978   1.507   0.978   0.700   0.793
   3  4.040   1.400   0.921   0.848   0.872
   4  4.054   1.372   0.876   0.869   0.937
   5  3.847   1.312   0.860   0.763   0.913
   6  3.781   1.285   0.828   0.820   0.847

Species: H                   
Atom  Qatom  Qorb
               1s      
   7  1.085   1.085
   8  1.085   1.085
   9  1.078   1.078
  10  1.078   1.078

mulliken: Qtot =       28.000

siesta: Program's energy decomposition (eV):
siesta: Ebs     =      -316.913374
siesta: Eions   =      1221.235657
siesta: Ena     =       369.291243
siesta: Ekin    =       284.212400
siesta: Enl     =        75.089283
siesta: Eso     =         0.000000
siesta: Eldau   =         0.000000
siesta: DEna    =        18.494241
siesta: DUscf   =         1.035298
siesta: DUext   =         0.000000
siesta: Exc     =      -223.126867
siesta: eta*DQ  =         0.000000
siesta: Emadel  =         0.000000
siesta: Emeta   =         0.000000
siesta: Emolmec =         0.000000
siesta: Ekinion =         0.000000
siesta: Eharris =      -696.240060
siesta: Etot    =      -696.240060
siesta: FreeEng =      -696.240060

siesta: Final energy (eV):
siesta:  Band Struct. =    -316.913374
siesta:       Kinetic =     284.212400
siesta:       Hartree =   -1892.368842
siesta:       Eldau   =       0.000000
siesta:       Eso     =       0.000000
siesta:    Ext. field =       0.000000
siesta:   Exch.-corr. =    -223.126867
siesta:  Ion-electron =    3474.534230
siesta:       Ion-ion =   -2339.490981
siesta:       Ekinion =       0.000000
siesta:         Total =    -696.240060
siesta:         Fermi =      -5.440349

siesta: Atomic forces (eV/Ang):
siesta:      1   -0.000360   -1.087968   -1.018312
siesta:      2    0.000037   -1.795550    1.009622
siesta:      3   -0.000459   -0.068423   -0.935604
siesta:      4    0.000034    0.554277    1.459283
siesta:      5   -0.000115    0.169891    0.047703
siesta:      6   -0.000010   -2.635959   -0.565335
siesta:      7   -1.646515    1.316157   -0.053638
siesta:      8    1.646523    1.316119   -0.053686
siesta:      9   -1.669860    1.138823    0.086710
siesta:     10    1.669873    1.138810    0.086799
siesta: ----------------------------------------
siesta:    Tot   -0.000852    0.046177    0.063541

siesta: Constrained forces (eV/Ang):
siesta:      1   -0.000360   -1.087968   -1.018312
siesta:      2    0.000037   -1.795550    1.009622
siesta:      3   -0.000459   -0.068423   -0.935604
siesta:      4    0.000034    0.554277    1.459283
siesta:      5    0.000000    0.000000    0.000000
siesta:      6    0.000000    0.000000    0.000000
siesta:      7    0.000000    0.000000    0.000000
siesta:      8    0.000000    0.000000    0.000000
siesta:      9    0.000000    0.000000    0.000000
siesta:     10    0.000000    0.000000    0.000000
siesta: ----------------------------------------
siesta:  Tot   -0.000748   -2.397664    0.514988

siesta: Stress tensor (static) (eV/Ang**3):
siesta:    -0.081011   -0.000002    0.000001
siesta:    -0.000002   -0.038974    0.003833
siesta:     0.000001    0.003833   -0.021863

siesta: Cell volume =        334.037723 Ang**3

siesta: Pressure (static):
siesta:                Solid            Molecule  Units
siesta:           0.00051497          0.00026007  Ry/Bohr**3
siesta:           0.04728264          0.02387863  eV/Ang**3
siesta:          75.75595895         38.25818975  kBar
(Free)E+ p_basis*V_orbitals  =        -693.920869
(Free)Eharris+ p_basis*V_orbitals  =        -693.920868

siesta: Electric dipole (a.u.)  =    0.000000   -0.172750   -0.000000
siesta: Electric dipole (Debye) =    0.000000   -0.439088   -0.000000

cite: Please see "si2x1h-psolver.bib" for an exhaustive BiBTeX file.
cite: This calculation has made use of the following articles.
cite: Articles are encouraged to be cited in a published work.
        Primary SIESTA paper
          DOI: www.doi.org/10.1088/0953-8984/14/11/302                                     


>> End of run:  27-FEB-2020   9:06:31
Job completed
