TBtrans Version : 5.0.0-alpha-56-g943f9ccc9
Architecture    : x86_64-linux-gcc
Compiler version: GNU Fortran (GCC) 11.2.0
Compiler flags  : mpifort -m64 -fPIC -O3 -ftree-vectorize -fexpensive-optimizations -funroll-loops -fprefetch-loop-arrays -fgraphite -fipa-icf -fipa-pure-const -march=native -fschedule-fusion -fselective-scheduling -fstack-arrays -fmax-stack-var-size=10000 -fipa-sra -fipa-cp -fcheck=recursion,array-temps -fno-second-underscore -Wrealloc-lhs -Wrealloc-lhs-all -fallow-argument-mismatch -fcheck-array-temporaries -Warray-temporaries -fcheck=array-temps
PP flags        : -DSIESTA__DEV_INFO -DSIESTA__FLOOK -DSIESTA__METIS -DSIESTA__FFTW -DTS_PVT_METIS -DSIESTA__MRRR -DSIESTA__SCALAPACK_RESET -DMPI -DFC_HAVE_FLUSH -DFC_HAVE_ABORT -DCDF -DGRID_DP -DMPI_TIMING -DTRANSIESTA_TIMING -DTBTRANS_TIMING -D1 -DNCDF_PARALLEL -DNCDF -DNCDF_4 -DSCALAPACK_DEBUG -D_DIAG_WORK -DSIESTA__DIAG_2STAGE -DSIESTA__ELPA -DTBTRANS
Libraries       : libncdf.a libfdict.a  -lzmumps -lmumps_common -lpord -lparmetis -lmetis -lesmumps -lscotch -lscotcherr -L/opt/gnu/11.2.0/elpa/2020.05.001/lib -Wl,-rpath=/opt/gnu/11.2.0/elpa/2020.05.001/lib -lelpa -L/opt/gnu/11.2.0/scalapack-debug/2.1.0/lib -Wl,-rpath=/opt/gnu/11.2.0/scalapack-debug/2.1.0/lib -lscalapack  -L/opt/gnu/11.2.0/openblas/0.3.18/lib -Wl,-rpath=/opt/gnu/11.2.0/openblas/0.3.18/lib -lopenblas -L/home/nicpa/codes/flook/obj -lflookall -ldl -l:libnetcdff.so  -m64 -fPIC -O3 -ftree-vectorize -fexpensive-optimizations -funroll-loops -fprefetch-loop-arrays -fgraphite -fipa-icf -fipa-pure-const -march=native -fschedule-fusion -fselective-scheduling -fstack-arrays -fmax-stack-var-size=10000 -fipa-sra -fipa-cp -fcheck=recursion,array-temps -fno-second-underscore -Wrealloc-lhs -Wrealloc-lhs-all -fallow-argument-mismatch -fcheck-array-temporaries -Warray-temporaries -fcheck=array-temps -L/opt/gnu/11.2.0/fftw/3.3.10/lib -Wl,-rpath=/opt/gnu/11.2.0/fftw/3.3.10/lib -lfftw3
Parallelisations: MPI
NetCDF support
NetCDF-4 support
NetCDF-4 MPI-IO support
METIS ordering support

Runtime information:
* Directory : /home/nicpa/siesta/siesta/Obj/Tests/TranSiesta-TBTrans/ts_graphene/work/TBT_ts_graphene_hexagonal
* Running on 6 nodes in parallel.
>> Start of run:  29-APR-2022  11:05:02

                           ************************ 
                           *  WELCOME TO TBtrans  * 
                           ************************ 

reinit: Reading from file ts_graphene_hexagonal.fdf

reinit: -----------------------------------------------------------------------
reinit: System Name: 
reinit: -----------------------------------------------------------------------
reinit: System Label: ts_graphene_hexagonal
reinit: -----------------------------------------------------------------------

 Kpoints in:           51 . Kpoints trimmed:           51
tbt: Number of transport k-points = 51
tbt: Method = Monkhorst-Pack grid.
tbt: k-grid: Supercell and displacements
tbt:            1   0   0      0.000
tbt:            0 101   0      0.000
tbt:            0   0   1      0.000


tbt: **************************************************************
tbt: Electronic temperature (reference)             =  299.9978 K
tbt: No applied bias
tbt: Calculate transmission only using diag(Gf)     =    F
tbt: Saving bulk transmission for electrodes        =    F
tbt: Saving DOS from bulk electrodes                =    F
tbt: Saving DOS from Green function                 =    F
tbt: Saving DOS from spectral functions             =    T
tbt: Saving bond currents (orb-orb)                 =    F
tbt: Saving DM from Green function                  =    F
tbt: Saving DM from spectral functions              =    F
tbt: Saving COOP from Green function                =    F
tbt: Saving COOP from spectral functions            =    F
tbt: Saving COHP from Green function                =    F
tbt: Saving COHP from spectral functions            =    F
tbt: Calc. # transmission eigenvalues               =  0
tbt: Calc. T between all electrodes                 =    F
tbt: Calc. total T out of electrodes                =    F
tbt: Non-polarized Hamiltonian
tbt: BTD creation algorithm                         =    speed
tbt: BTD spectral function algorithm                =    propagation
tbt: Divide and conquer diagonalization             =    F
tbt: Assume LAPACK <i|S|j> = delta_ij               =    F
tbt: Saving downfolded self-energies                =    F
tbt: No delta Hamiltonian
tbt: No delta self-energy
tbt: Data files stored in current folder
tbt: No compression of TBT.nc files
tbt: Default NetCDF precision                       =    single
tbt: Use parallel MPI-IO for NetCDF file            =    F
tbt:           >> Electrodes << 
tbt: >> Left
tbt:   Electrode cell pivoting: E1, E2, E3          = A1, A2, A3
tbt:   In-core self-energy calculation
tbt:   Electrode TSHS file                          = ./ts_graphene_elec.TSHS
tbt:   # atoms in electrode used / total            = 6 / 6
tbt:   Electrode Bloch unity [E1 x E2 x E3]         = 1 x 1 x 1
tbt:   Position in geometry                         = 1 -- 6
tbt:   Semi-infinite direction for electrode        = negative wrt. E1
tbt:   Chemical shift                               =    0.000000 eV
tbt:   Electronic temperature                       =  299.997806 K
tbt:   Gamma-only electrode                         =    F
tbt:   Bulk H, S in electrode region                =    T
tbt:   Manual delta-Ef shift                        =    0.000000 eV
tbt:   Electrode self-energy imaginary Eta          =  0.1000E-02 eV
tbt:   Electrode self-energy accuracy               =  0.1000E-12 eV
tbt:   Electrode inter-layer distance (semi-inf)    =    1.6685 Ang
tbt: >> Right
tbt:   Electrode cell pivoting: E1, E2, E3          = A1, A2, A3
tbt:   In-core self-energy calculation
tbt:   Electrode TSHS file                          = ./ts_graphene_elec.TSHS
tbt:   # atoms in electrode used / total            = 6 / 6
tbt:   Electrode Bloch unity [E1 x E2 x E3]         = 1 x 1 x 1
tbt:   Position in geometry                         = 13 -- 18
tbt:   Semi-infinite direction for electrode        = positive wrt. E1
tbt:   Chemical shift                               =    0.000000 eV
tbt:   Electronic temperature                       =  299.997806 K
tbt:   Gamma-only electrode                         =    F
tbt:   Bulk H, S in electrode region                =    T
tbt:   Manual delta-Ef shift                        =    0.000000 eV
tbt:   Electrode self-energy imaginary Eta          =  0.1000E-02 eV
tbt:   Electrode self-energy accuracy               =  0.1000E-12 eV
tbt:   Electrode inter-layer distance (semi-inf)    =    1.6685 Ang
ts:              >> TBtrans contour << 
ts: Device Green function imaginary Eta             = 0.1000E-03 eV
ts: Contour name                                    =    TBT.Contour.line
ts:   line contour E_min                            =   -1.0000 eV
ts:   line contour E_max                            =    1.0000 eV
ts:   line contour points                           =  200
ts:   line contour method                           =    Mid-rule
tbt: **************************************************************

tbt: <<<<<<<<<<<<<<<<<<<<<<<<<<<<<<<<<<<<<<<<<<<<<<<<<<<<<<<<<<<<<<
%block TBT.Contours
    line
%endblock TBT.Contours

%block TBT.Contour.line
     from -1. eV to 1. eV
      delta 0.01 eV
        method mid-rule
%endblock TBT.Contour.line
tbt: <<<<<<<<<<<<<<<<<<<<<<<<<<<<<<<<<<<<<<<<<<<<<<<<<<<<<<<<<<<<<<

************************ Begin: TBT CHECKS AND WARNINGS ************************
 ** Speed up the execution by utilizing parallel I/O
  > TBT.CDF.MPI true
************************ End: TBT CHECKS AND WARNINGS **************************

Device information (full):
  <sparsity:ts_graphene_hexagonal.TSHS
    nrows_g=162 nrows=162 sparsity=2.0556 nnzs=53946, refcount: 3>

Electrode information:

  <sparsity:./ts_graphene_elec.TSHS
    nrows_g=54 nrows=54 sparsity=6.1667 nnzs=17982, refcount: 3>
  <sparsity:(TM [ 0,--,--] of: ./ts_graphene_elec.TSHS)
    nrows_g=54 nrows=54 sparsity=3.9444 nnzs=11502, refcount: 3>
  <sparsity:(TM [ 1,--,--] of: ./ts_graphene_elec.TSHS)
    nrows_g=54 nrows=54 sparsity=1.1111 nnzs=3240, refcount: 3>
 Left principal cell is perfect!

  <sparsity:./ts_graphene_elec.TSHS
    nrows_g=54 nrows=54 sparsity=6.1667 nnzs=17982, refcount: 3>
  <sparsity:(TM [ 0,--,--] of: ./ts_graphene_elec.TSHS)
    nrows_g=54 nrows=54 sparsity=3.9444 nnzs=11502, refcount: 3>
  <sparsity:(TM [-1,--,--] of: ./ts_graphene_elec.TSHS)
    nrows_g=54 nrows=54 sparsity=1.1111 nnzs=3240, refcount: 3>
 Right principal cell is perfect!


tbt: Analyzing electrode sparsity pattern and electrode pivot-tables
tbt: BTD pivoting scheme for electrode (Left): atom+Left

tbt: Analyzing device sparsity pattern and pivot-table
tbt: BTD pivoting scheme in device: atom+Left
tbt: Done analyzing electrode and device sparsity pattern and pivot-tables

tbt: Reducing matrix (H, S) sparsity patterns by: 6480

tbt: # of device region orbitals: 54
Region (6): [A]-device
  [ 7 -- 12 ]

tbt: # of Left downfolding orbitals: 90
tbt: # of Left device orbitals: 36
Region (6): [A]-Left folding region
  [ 1 -- 6 ]
Region (4): [A]-Left folding in D
  [ 7 -- 10 ]

tbt: # of Right downfolding orbitals: 90
tbt: # of Right device orbitals: 36
Region (6): [A]-Right folding region
  [ 13 -- 18 ]
Region (4): [A]-Right folding in D
  [ 9 -- 12 ]

tbt: Creating electrode tri-diagonal matrix blocks
tbt: Creating device tri-diagonal matrix blocks
Region (2): [TRI] device region
  [ [27]*2 ]

tbt: Electrodes tri-diagonal matrices
Region (3): [TRI] Left
  [ 18, [36]*2 ]
Region (3): [TRI] Right
  [ 18, [36]*2 ]

tbt: [memory] electrode: 666.984 kB
tbt: [memory] H, S and auxiliary matrices: 1.035 MB
tbt: [memory] sum of electrode and sparse: 1.686 MB

tbt: Initializing data file: ts_graphene_hexagonal.TBT.nc
tbt: Estimated file size of ts_graphene_hexagonal.TBT.nc: 2.146 MB

tbt: [memory] LHS inversion + padding: 546.750 kB
tbt: [memory] RHS inversion + padding: 91.125 kB
tbt: Initial ETA in                 23.7 s
tbt: Calculated    5.03 %, ETA in                 11.1 s
tbt: Calculated   10.08 %, ETA in                 10.4 s
tbt: Calculated   15.11 %, ETA in                  9.5 s
tbt: Calculated   20.16 %, ETA in                  8.8 s
tbt: Calculated   25.19 %, ETA in                  8.2 s
tbt: Calculated   30.24 %, ETA in                  7.7 s
tbt: Calculated   35.27 %, ETA in                  7.2 s
tbt: Calculated   40.32 %, ETA in                  6.7 s
tbt: Calculated   45.36 %, ETA in                  6.1 s
tbt: Calculated   50.41 %, ETA in                  5.6 s
tbt: Calculated   55.44 %, ETA in                  5.2 s
tbt: Calculated   60.49 %, ETA in                  4.9 s
tbt: Calculated   65.54 %, ETA in                  4.6 s
tbt: Calculated   70.57 %, ETA in                  4.2 s
tbt: Calculated   75.62 %, ETA in                  3.6 s
tbt: Calculated   80.65 %, ETA in                  2.9 s
tbt: Calculated   85.70 %, ETA in                  2.1 s
tbt: Calculated   90.73 %, ETA in                  1.3 s
tbt: Calculated   95.78 %, ETA in                  0.6 s
tbt: Calculated  100.81 %, ETA in                 -0.1 s
tbt: Completed in               13.929 s

Currents (ensure entire Fermi function window):
Left -> Right, V [V] / I [A]:  0.00000     V /  0.00000     A
Left -> Right, V [V] / P [W]:  0.00000     V /  0.00000     W


             Section          Calls    Walltime       %
 global_section                   1      14.135  100.00
  tbtrans                         1      14.135  100.00
   init-region+sp                 1       0.003    0.02
   pivot-elec                     1       0.001    0.01
    pivot                         1       0.000    0.00
   pivot-device                   1       0.000    0.00
    pivot                         1       0.000    0.00
   tri-init                       1       0.002    0.02
    tri-init-elec                 1       0.000    0.00
     TS-rgn2tri                   1       0.000    0.00
    TS-rgn2tri                    1       0.000    0.00
   TBT                            1      14.100   99.75
    setup-HS                     51       0.041    0.29
    read-GS                    1734      11.037   78.09
    SE-dwn                     1734       0.635    4.49
     ts_expand                 3366       0.033    0.23
    Gf-prep                    1734       0.539    3.81
     V_TM_Pinv                 1683       0.212    1.50
    analysis                   1734       1.625   11.50
     dGFGGF                    1683       0.134    0.95
     A-DOS                     1683       0.185    1.31
     A-Gamma                   1683       0.008    0.06
     cdf-w-DOS-T               1734       1.287    9.10
    cdf2ascii                     1       0.119    0.84
>> End of run:  29-APR-2022  11:05:16
