Siesta Version  : 5.0.0-alpha-56-g943f9ccc9
Architecture    : x86_64-linux-gcc
Compiler version: GNU Fortran (GCC) 11.2.0
Compiler flags  : mpifort -m64 -fPIC -O3 -ftree-vectorize -fexpensive-optimizations -funroll-loops -fprefetch-loop-arrays -fgraphite -fipa-icf -fipa-pure-const -march=native -fschedule-fusion -fselective-scheduling -fstack-arrays -fmax-stack-var-size=10000 -fipa-sra -fipa-cp -fcheck=recursion,array-temps -fno-second-underscore -Wrealloc-lhs -Wrealloc-lhs-all -fallow-argument-mismatch -fcheck-array-temporaries -Warray-temporaries -fcheck=array-temps
PP flags        : -DSIESTA__DEV_INFO -DSIESTA__FLOOK -DSIESTA__METIS -DSIESTA__FFTW -DTS_PVT_METIS -DSIESTA__MRRR -DSIESTA__SCALAPACK_RESET -DMPI -DFC_HAVE_FLUSH -DFC_HAVE_ABORT -DCDF -DGRID_DP -DMPI_TIMING -DTRANSIESTA_TIMING -DTBTRANS_TIMING -D1 -DNCDF_PARALLEL -DNCDF -DNCDF_4 -DSCALAPACK_DEBUG -D_DIAG_WORK -DSIESTA__DIAG_2STAGE -DSIESTA__ELPA
Libraries       : libncdf.a libfdict.a  -lzmumps -lmumps_common -lpord -lparmetis -lmetis -lesmumps -lscotch -lscotcherr -L/opt/gnu/11.2.0/elpa/2020.05.001/lib -Wl,-rpath=/opt/gnu/11.2.0/elpa/2020.05.001/lib -lelpa -L/opt/gnu/11.2.0/scalapack-debug/2.1.0/lib -Wl,-rpath=/opt/gnu/11.2.0/scalapack-debug/2.1.0/lib -lscalapack  -L/opt/gnu/11.2.0/openblas/0.3.18/lib -Wl,-rpath=/opt/gnu/11.2.0/openblas/0.3.18/lib -lopenblas -L/home/nicpa/codes/flook/obj -lflookall -ldl -l:libnetcdff.so  -m64 -fPIC -O3 -ftree-vectorize -fexpensive-optimizations -funroll-loops -fprefetch-loop-arrays -fgraphite -fipa-icf -fipa-pure-const -march=native -fschedule-fusion -fselective-scheduling -fstack-arrays -fmax-stack-var-size=10000 -fipa-sra -fipa-cp -fcheck=recursion,array-temps -fno-second-underscore -Wrealloc-lhs -Wrealloc-lhs-all -fallow-argument-mismatch -fcheck-array-temporaries -Warray-temporaries -fcheck=array-temps -L/opt/gnu/11.2.0/fftw/3.3.10/lib -Wl,-rpath=/opt/gnu/11.2.0/fftw/3.3.10/lib -lfftw3
Parallelisations: MPI
NetCDF support
NetCDF-4 support
NetCDF-4 MPI-IO support
METIS ordering support
Lua support

Runtime information:
* Directory : /home/nicpa/siesta/siesta/Obj/Tests/TranSiesta-TBTrans/ts_graphene/work/Elec
* Running on 6 nodes in parallel.
>> Start of run:  29-APR-2022  11:03:34

                           *********************** 
                           *  WELCOME TO SIESTA  * 
                           *********************** 

reinit: Reading from file ts_graphene_elec.fdf

reinit: -----------------------------------------------------------------------
reinit: System Name: 
reinit: -----------------------------------------------------------------------
reinit: System Label: ts_graphene_elec
reinit: -----------------------------------------------------------------------

initatom: Reading input for the pseudopotentials and atomic orbitals ----------
Species number:   1 Atomic number:    6 Label: C


 ---- Processing specs for species: C
Ground state valence configuration:   2s02  2p02
Reading pseudopotential information in formatted form from C.psf

---- Pseudopotential check for C 

Pseudized shells:
2s( 2.00) rc: 1.49
2p( 2.00) rc: 1.52
3d( 0.00) rc: 1.58
Valence configuration for ps generation: (assumed as above)
relmxkb: Read Max KB Ang. Momentum=    2 for species C

<basis_specs>
===============================================================================
C                    Z=   6    Mass=  12.010        Charge= 0.17977+309
Lmxo=2 Lmxkb= 2    BasisType=split      Semic=F
L=0  Nsemic=0  Cnfigmx=2
          i=1  nzeta=1  polorb=0  (2s)
            splnorm:   0.15000    
               vcte:    0.0000    
               rinn:    0.0000    
               qcoe:    0.0000    
               qyuk:    0.0000    
               qwid:   0.10000E-01
                rcs:    0.0000    
            lambdas:    1.0000    
L=1  Nsemic=0  Cnfigmx=2
          i=1  nzeta=1  polorb=1  (2p)  (to be polarized perturbatively)
            splnorm:   0.15000    
               vcte:    0.0000    
               rinn:    0.0000    
               qcoe:    0.0000    
               qyuk:    0.0000    
               qwid:   0.10000E-01
                rcs:    0.0000    
            lambdas:    1.0000    
L=2  Nsemic=0  Cnfigmx=3
          i=1  nzeta=0  polorb=0  (3d)  (perturbative polarization orbital) (from 2p)
-------------------------------------------------------------------------------
L=0  Nkbl=1  erefs: 0.17977+309
L=1  Nkbl=1  erefs: 0.17977+309
L=2  Nkbl=1  erefs: 0.17977+309
===============================================================================
</basis_specs>

atom: Called for C                     (Z =   6)

read_vps: Pseudopotential generation method:
read_vps: ATM3      Troullier-Martins                       
Valence charge in pseudo generation:    4.00000

xc_check: Exchange-correlation functional:
xc_check: Ceperley-Alder
V l=0 = -2*Zval/r beyond r=  1.4666
V l=1 = -2*Zval/r beyond r=  1.5038
V l=2 = -2*Zval/r beyond r=  1.5612
All V_l potentials equal beyond r=  1.5612
This should be close to max(r_c) in ps generation
All pots = -2*Zval/r beyond r=  1.5612
Using small-core scheme (local charge) for Vlocal

VLOCAL_FROM_CHLOCAL: 99.0% of the norm of Vloc inside     17.809 Ry
VLOCAL_FROM_CHLOCAL: 99.9% of the norm of Vloc inside     40.586 Ry
atom: Maximum radius for chlocal:    1.88329
atom: Maximum radius for r*vlocal+2*Zval:    1.72547

KBgen: Kleinman-Bylander projectors: 
GHOST: No ghost state for L =  0
   l= 0   rc=  1.747182   el= -1.001947   Ekb=  5.181700   kbcos=  0.300603
GHOST: No ghost state for L =  1
   l= 1   rc=  1.747182   el= -0.398598   Ekb= -4.328763   kbcos= -0.367074
GHOST: No ghost state for L =  2
   l= 2   rc=  1.955272   el=  0.002326   Ekb= -1.016175   kbcos= -0.009979

KBgen: Total number of Kleinman-Bylander projectors:   9
atom: -------------------------------------------------------------------------

atom: SANKEY-TYPE ORBITALS:

SPLIT: Orbitals with angular momentum L= 0

SPLIT: Basis orbitals for state 2s

SPLIT: PAO cut-off radius determined from an
SPLIT: energy shift=  0.020212 Ry

   izeta = 1
                 lambda =    1.000000
                     rc =    4.191849
                 energy =   -0.983897
                kinetic =    0.886956
    potential(screened) =   -1.870853
       potential(ionic) =   -5.479661

SPLIT: Orbitals with angular momentum L= 1

SPLIT: Basis orbitals for state 2p

SPLIT: PAO cut-off radius determined from an
SPLIT: energy shift=  0.020212 Ry

   izeta = 1
                 lambda =    1.000000
                     rc =    4.870301
                 energy =   -0.379093
                kinetic =    2.545357
    potential(screened) =   -2.924450
       potential(ionic) =   -6.433151

POLgen: Perturbative polarization orbital with L=  2

POLgen: Polarization orbital for state 2p

   izeta = 1
                     rc =    4.870301
                 energy =    1.280953
                kinetic =    2.629601
    potential(screened) =   -1.348648
       potential(ionic) =   -4.293268
atom: Total number of Sankey-type orbitals:  9

atm_pop: Valence configuration (for local Pseudopot. screening):
 2s( 2.00)                                                            
 2p( 2.00)                                                            
 3d( 0.00)                                                            
Vna: chval, zval:    4.00000   4.00000

Vna:  Cut-off radius for the neutral-atom potential:   4.870301

atom: _________________________________________________________________________

prinput: Basis input 
* WARNING: This information might be incomplete!!!
----------------------------------------------------------

PAO.BasisType split     

%block ChemicalSpeciesLabel
    1    6 C                       # Species index, atomic number, species label
%endblock ChemicalSpeciesLabel

%block PAO.Basis                 # Define Basis set
# WARNING: This information might be incomplete!!!
C                     2                    # Species label, number of l-shells
 n=2   0   1                         # n, l, Nzeta 
   4.192   
   1.000   
 n=2   1   1 P   1                   # n, l, Nzeta, Polarization, NzetaPol
   4.870   
   1.000   
%endblock PAO.Basis

prinput: ----------------------------------------------------------------------

Dumping basis to NetCDF file C.ion.nc
coor:   Atomic-coordinates input format  =     Cartesian coordinates
coor:                                          (in Angstroms)

siesta: Atomic coordinates (Bohr) and species
siesta:      0.00000   0.00000   0.00000  1        1
siesta:      2.73066   0.00000   0.00000  1        2
siesta:      4.09598   2.36482   0.00000  1        3
siesta:      6.82664   2.36482   0.00000  1        4
siesta:      8.19197   4.72963   0.00000  1        5
siesta:     10.92262   4.72963   0.00000  1        6

siesta: System type = slab      

initatomlists: Number of atoms, orbitals, and projectors:      6    54    54

siesta: ******************** Simulation parameters ****************************
siesta:
siesta: The following are some of the parameters of the simulation.
siesta: A complete list of the parameters used, including default values,
siesta: can be found in file out.fdf
siesta:
redata: Spin configuration                          = none
redata: Number of spin components                   = 1
redata: Time-Reversal Symmetry                      = T
redata: Spin spiral                                 = F
redata: Long output                                 =   F
redata: Number of Atomic Species                    =        1
redata: Charge density info will appear in .RHO file
redata: Write Mulliken Pop.                         = Atomic and Orbital charges
redata: Matel table size (NRTAB)                    =     1024
redata: Mesh Cutoff                                 =   250.0000 Ry
redata: Net charge of the system                    =     0.0000 |e|
redata: Min. number of SCF Iter                     =        3
redata: Max. number of SCF Iter                     =      200
redata: SCF convergence failure will abort job
redata: SCF mix quantity                            = Hamiltonian
redata: Mix DM or H after convergence               =   F
redata: Recompute H after scf cycle                 =   F
redata: Mix DM in first SCF step                    =   T
redata: Write Pulay info on disk                    =   F
redata: New DM Occupancy tolerance                  = 0.000000000001
redata: No kicks to SCF
redata: DM Mixing Weight for Kicks                  =     0.5000
redata: Require Harris convergence for SCF          =   F
redata: Harris energy tolerance for SCF             =     0.000100 eV
redata: Require DM convergence for SCF              =   T
redata: DM tolerance for SCF                        =     0.000100
redata: Require EDM convergence for SCF             =   F
redata: EDM tolerance for SCF                       =     0.001000 eV
redata: Require H convergence for SCF               =   T
redata: Hamiltonian tolerance for SCF               =     0.001000 eV
redata: Require (free) Energy convergence for SCF   =   F
redata: (free) Energy tolerance for SCF             =     0.000100 eV
redata: Using Saved Data (generic)                  =   F
redata: Use continuation files for DM               =   T
redata: Neglect nonoverlap interactions             =   F
redata: Method of Calculation                       = Diagonalization
redata: Electronic Temperature                      =   299.9978 K
redata: Fix the spin of the system                  =   F
redata: Max. number of TDED Iter                    =        1
redata: Number of TDED substeps                     =        3
redata: Dynamics option                             = Single-point calculation
mix.SCF: Pulay mixing                            = Pulay
mix.SCF:    Variant                              = stable
mix.SCF:    History steps                        = 6
mix.SCF:    Linear mixing weight                 =     0.100000
mix.SCF:    Mixing weight                        =     0.100000
mix.SCF:    SVD condition                        = 0.1000E-07
redata: Save all siesta data in one NC              =   F
redata: ***********************************************************************

%block SCF.Mixers
  Pulay
%endblock SCF.Mixers

%block SCF.Mixer.Pulay
  # Mixing method
  method pulay
  variant stable

  # Mixing options
  weight 0.1000
  weight.linear 0.1000
  history 6
%endblock SCF.Mixer.Pulay

DM_history_depth set to one: no extrapolation allowed by default for geometry relaxation
Size of DM history Fstack: 1
Total number of electrons:    24.000000
Total ionic charge:    24.000000

* ProcessorY, Blocksize:    1   9


* Orbital distribution balance (max,min):     9     9

k-point displ. along   1 input, could be:     0.00    0.50
 Kpoints in:         3060 . Kpoints trimmed:         3031

siesta: k-grid: Number of k-points =      3031
siesta: k-points from Monkhorst-Pack grid
siesta: k-cutoff (effective) =     7.225 Ang
siesta: k-point supercell and displacements
siesta: k-grid:   60   0   0      0.000
siesta: k-grid:    0 101   0      0.000
siesta: k-grid:    0   0   1      0.000

diag: Algorithm                                     = D&C
diag: Parallel over k                               =   T
diag: Use parallel 2D distribution                  =   T
diag: Parallel block-size                           = 9
diag: Parallel distribution                         =     2 x     3
diag: Used triangular part                          = Lower
diag: Absolute tolerance                            =  0.100E-15
diag: Orthogonalization factor                      =  0.100E-05
diag: Memory factor                                 =  1.0000

superc: Internal auxiliary supercell:     3 x     5 x     1  =      15
superc: Number of atoms, orbitals, and projectors:     90    810    810


ts: **************************************************************
ts: Save H and S matrices                           =    T
ts: Save DM and EDM matrices                        =    T
ts: Only save the overlap matrix S                  =    F
ts: **************************************************************

************************ Begin: TS CHECKS AND WARNINGS ************************
************************ End: TS CHECKS AND WARNINGS **************************


                     ====================================
                        Single-point calculation
                     ====================================

superc: Internal auxiliary supercell:     3 x     5 x     1  =      15
superc: Number of atoms, orbitals, and projectors:     90    810    810

outcell: Unit cell vectors (Ang):
        6.502500    3.754220    0.000000
        2.167500   -1.251407    0.000000
        0.000000    0.000000   14.450000

outcell: Cell vector modules (Ang)   :    7.508440    2.502813   14.450000
outcell: Cell angles (23,13,12) (deg):     90.0000     90.0000     60.0000
outcell: Cell volume (Ang**3)        :    235.1672
<dSpData1D:S at geom step 0
  <sparsity:sparsity for geom step 0
    nrows_g=54 nrows=9 sparsity=1.0278 nnzs=2997, refcount: 7>
  <dData1D:(new from dSpData1D) n=2997, refcount: 1>
refcount: 1>
new_DM -- step:     1
Initializing Density Matrix...

Attempting to read DM from file... Failed...
DM filled with atomic data:
<dSpData2D:DM initialized from atoms
  <sparsity:sparsity for geom step 0
    nrows_g=54 nrows=9 sparsity=1.0278 nnzs=2997, refcount: 8>
  <dData2D:DM n=2997 m=1, refcount: 1>
refcount: 1>
No. of atoms with KB's overlaping orbs in proc 0. Max # of overlaps:      13     117

InitMesh: MESH = 64 x 24 x 144 = 221184
InitMesh: (bp) =    32 x    12 x    72 =       27648
InitMesh: Mesh cutoff (required, used) =   250.000   267.732 Ry
New grid distribution [1]: sub = 2
           1       1:   32    1:   12    1:   12
           2       1:   32    1:   12   13:   24
           3       1:   32    1:   12   25:   36
           4       1:   32    1:   12   37:   48
           5       1:   32    1:   12   49:   60
           6       1:   32    1:   12   61:   72
ExtMesh (bp) on 0 =    84 x    72 x    64 =      387072
New grid distribution [2]: sub = 2
           1       1:   16    1:   12    4:   10
           2       1:   32    1:   12   11:   67
           3      17:   32    1:   12   68:   72
           4       1:   16    1:   12   68:   72
           5      17:   32    1:   12    4:   10
           6       1:   32    1:   12    1:    3
New grid distribution [3]: sub = 2
           1       1:   16    1:   12    5:   13
           2      17:   32    1:   12   65:   72
           3       1:   32    1:   12   14:   64
           4       1:   32    1:   12    1:    4
           5      17:   32    1:   12    5:   13
           6       1:   16    1:   12   65:   72
Setting up quadratic distribution...
ExtMesh (bp) on 0 =    68 x    72 x    59 =      288864
PhiOnMesh: Number of (b)points on node 0 =                 1344
PhiOnMesh: nlist on node 0 =                71856
cdiag-debug: jobz=N, algo= 1, Node=    1, work=          86, rwork=          54, iwork=           1
cdiag-debug: jobz=N, algo= 1, Node=    2, work=          86, rwork=          54, iwork=           1
cdiag-debug: jobz=N, algo= 1, Node=    3, work=          86, rwork=          54, iwork=           1
cdiag-debug: jobz=N, algo= 1, Node=    4, work=          86, rwork=          54, iwork=           1
cdiag-debug: jobz=N, algo= 1, Node=    5, work=          86, rwork=          54, iwork=           1
cdiag-debug: jobz=N, algo= 1, Node=    0, work=          86, rwork=          54, iwork=           1

stepf: Fermi-Dirac step function
cdiag-debug: jobz=V, algo= 1, Node=    5, work=        3024, rwork=        6103, iwork=         273
cdiag-debug: jobz=V, algo= 1, Node=    2, work=        3024, rwork=        6103, iwork=         273
cdiag-debug: jobz=V, algo= 1, Node=    4, work=        3024, rwork=        6103, iwork=         273
cdiag-debug: jobz=V, algo= 1, Node=    1, work=        3024, rwork=        6103, iwork=         273
cdiag-debug: jobz=V, algo= 1, Node=    0, work=        3024, rwork=        6103, iwork=         273
cdiag-debug: jobz=V, algo= 1, Node=    3, work=        3024, rwork=        6103, iwork=         273

siesta: Program's energy decomposition (eV):
siesta: Ebs     =      -357.826505
siesta: Eions   =      1495.709906
siesta: Ena     =       295.079782
siesta: Ekin    =       615.051194
siesta: Enl     =       -80.304718
siesta: Eso     =         0.000000
siesta: Edftu   =         0.000000
siesta: DEna    =        12.895616
siesta: DUscf   =         0.888279
siesta: DUext   =         0.000000
siesta: Ex      =      -239.005308
siesta: Ec      =       -35.341204
siesta: Exc     =      -274.346512
siesta: eta*DQ  =         0.000000
siesta: Emadel  =         0.000000
siesta: Emeta   =         0.000000
siesta: Emolmec =         0.000000
siesta: Ekinion =         0.000000
siesta: Eharris =      -924.074557
siesta: Etot    =      -926.446264
siesta: FreeEng =      -926.446298

        iscf     Eharris(eV)        E_KS(eV)     FreeEng(eV)     dDmax    Ef(eV) dHmax(eV)
   scf:    1     -924.074557     -926.446264     -926.446298  1.482043 -4.992128  0.898884
timer: Routine,Calls,Time,% = IterSCF        1       1.285  65.88
   scf:    2     -926.448120     -926.447189     -926.447223  0.000546 -5.073415  0.803258
   scf:    3     -926.453981     -926.450738     -926.450773  0.004626 -5.762240  0.008316
   scf:    4     -926.450778     -926.450761     -926.450795  0.000202 -5.773104  0.003158
   scf:    5     -926.450760     -926.450760     -926.450795  0.000062 -5.769714  0.004590
   scf:    6     -926.450761     -926.450761     -926.450795  0.000039 -5.773410  0.001954
   scf:    7     -926.450761     -926.450761     -926.450795  0.000011 -5.772458  0.000182

SCF Convergence by DM+H criterion
max |DM_out - DM_in|         :     0.0000112113
max |H_out - H_in|      (eV) :     0.0001823365
SCF cycle converged after 7 iterations

Using DM_out to compute the final energy and forces
No. of atoms with KB's overlaping orbs in proc 0. Max # of overlaps:      13     117

siesta: E_KS(eV) =             -926.4508

siesta: E_KS - E_eggbox =      -926.4508

siesta: Atomic forces (eV/Ang):
     1   -0.002392   -0.002077   -0.000000
     2   -0.002722    0.005863   -0.000000
     3   -0.006303   -0.002388   -0.000000
     4   -0.010704   -0.011820    0.000000
     5    0.006994    0.009082   -0.000000
     6    0.008317    0.006500   -0.000000
----------------------------------------
   Tot   -0.006810    0.005159   -0.000000
----------------------------------------
   Max    0.011820
   Res    0.005746    sqrt( Sum f_i^2 / 3N )
----------------------------------------
   Max    0.011820    constrained

Stress tensor Voigt[x,y,z,yz,xz,xy] (kbar):       26.20       25.94        0.01        0.00       -0.00        0.25
(Free)E + p*V (eV/cell)     -929.0023
Target enthalpy (eV/cell)     -926.4508

mulliken: Atomic and Orbital Populations:

Species: C                   
Atom  Qatom  Qorb
               2s      2py     2pz     2px     3Pdxy   3Pdyz   3Pdz2   3Pdxz   
               3Pdx2-y2
   1  4.000   0.938   1.018   0.970   1.018   0.015   0.015  -0.004   0.015
              0.015
   2  4.000   0.938   1.018   0.970   1.018   0.015   0.015  -0.004   0.015
              0.015
   3  4.000   0.938   1.018   0.970   1.018   0.015   0.015  -0.004   0.015
              0.015
   4  4.000   0.938   1.018   0.970   1.018   0.015   0.015  -0.004   0.015
              0.015
   5  4.000   0.938   1.018   0.970   1.018   0.015   0.015  -0.004   0.015
              0.015
   6  4.000   0.938   1.018   0.970   1.018   0.015   0.015  -0.004   0.015
              0.015

mulliken: Qtot =       24.000

siesta: Program's energy decomposition (eV):
siesta: Ebs     =      -356.769643
siesta: Eions   =      1495.709906
siesta: Ena     =       295.079782
siesta: Ekin    =       615.936969
siesta: Enl     =       -80.602257
siesta: Eso     =         0.000000
siesta: Edftu   =         0.000000
siesta: DEna    =        12.424657
siesta: DUscf   =         0.868586
siesta: DUext   =         0.000000
siesta: Ex      =      -239.102134
siesta: Ec      =       -35.346458
siesta: Exc     =      -274.448592
siesta: eta*DQ  =         0.000000
siesta: Emadel  =         0.000000
siesta: Emeta   =         0.000000
siesta: Emolmec =         0.000000
siesta: Ekinion =         0.000000
siesta: Eharris =      -926.450761
siesta: Etot    =      -926.450761
siesta: FreeEng =      -926.450795

siesta: Final energy (eV):
siesta:  Band Struct. =    -356.769643
siesta:       Kinetic =     615.936969
siesta:       Hartree =    2982.228092
siesta:       Edftu   =       0.000000
siesta:       Eso     =       0.000000
siesta:    Ext. field =       0.000000
siesta:         Exch. =    -239.102134
siesta:         Corr. =     -35.346458
siesta:   Exch.-corr. =    -274.448592
siesta:  Ion-electron =   -6578.427449
siesta:       Ion-ion =    2328.260219
siesta:       Ekinion =       0.000000
siesta:         Total =    -926.450761
siesta:         Fermi =      -5.772458

siesta: Stress tensor (static) (eV/Ang**3):
siesta:     0.016351    0.000159   -0.000000
siesta:     0.000159    0.016190   -0.000000
siesta:    -0.000000    0.000000    0.000008

siesta: Cell volume =        235.167164 Ang**3

siesta: Pressure (static):
siesta:                Solid            Molecule  Units
siesta:          -0.00011817         -0.00011904  Ry/Bohr**3
siesta:          -0.01084987         -0.01093006  eV/Ang**3
siesta:         -17.38360293        -17.51207402  kBar
(Free)E+ p_basis*V_orbitals  =        -925.034238
(Free)Eharris+ p_basis*V_orbitals  =        -925.034238

siesta: Electric dipole (a.u.)  =   -0.000000   -0.000000   -0.000000
siesta: Electric dipole (Debye) =   -0.000000   -0.000000   -0.000000

cite: Please see "ts_graphene_elec.bib" for an exhaustive BiBTeX file.
cite: Please clearly indicate Siesta version in published work: 5.0.0-alpha-56-g943f9ccc9
cite: This calculation has made use of the following articles
cite: which are encouraged to be cited in a published work.
        Primary SIESTA paper
          DOI: www.doi.org/10.1088/0953-8984/14/11/302


>> End of run:  29-APR-2022  11:03:44
Job completed
