Siesta Version  : 5.0.0-alpha-56-g943f9ccc9
Architecture    : x86_64-linux-gcc
Compiler version: GNU Fortran (GCC) 11.2.0
Compiler flags  : mpifort -m64 -fPIC -O3 -ftree-vectorize -fexpensive-optimizations -funroll-loops -fprefetch-loop-arrays -fgraphite -fipa-icf -fipa-pure-const -march=native -fschedule-fusion -fselective-scheduling -fstack-arrays -fmax-stack-var-size=10000 -fipa-sra -fipa-cp -fcheck=recursion,array-temps -fno-second-underscore -Wrealloc-lhs -Wrealloc-lhs-all -fallow-argument-mismatch -fcheck-array-temporaries -Warray-temporaries -fcheck=array-temps
PP flags        : -DSIESTA__DEV_INFO -DSIESTA__FLOOK -DSIESTA__METIS -DSIESTA__FFTW -DTS_PVT_METIS -DSIESTA__MRRR -DSIESTA__SCALAPACK_RESET -DMPI -DFC_HAVE_FLUSH -DFC_HAVE_ABORT -DCDF -DGRID_DP -DMPI_TIMING -DTRANSIESTA_TIMING -DTBTRANS_TIMING -D1 -DNCDF_PARALLEL -DNCDF -DNCDF_4 -DSCALAPACK_DEBUG -D_DIAG_WORK -DSIESTA__DIAG_2STAGE -DSIESTA__ELPA
Libraries       : libncdf.a libfdict.a  -lzmumps -lmumps_common -lpord -lparmetis -lmetis -lesmumps -lscotch -lscotcherr -L/opt/gnu/11.2.0/elpa/2020.05.001/lib -Wl,-rpath=/opt/gnu/11.2.0/elpa/2020.05.001/lib -lelpa -L/opt/gnu/11.2.0/scalapack-debug/2.1.0/lib -Wl,-rpath=/opt/gnu/11.2.0/scalapack-debug/2.1.0/lib -lscalapack  -L/opt/gnu/11.2.0/openblas/0.3.18/lib -Wl,-rpath=/opt/gnu/11.2.0/openblas/0.3.18/lib -lopenblas -L/home/nicpa/codes/flook/obj -lflookall -ldl -l:libnetcdff.so  -m64 -fPIC -O3 -ftree-vectorize -fexpensive-optimizations -funroll-loops -fprefetch-loop-arrays -fgraphite -fipa-icf -fipa-pure-const -march=native -fschedule-fusion -fselective-scheduling -fstack-arrays -fmax-stack-var-size=10000 -fipa-sra -fipa-cp -fcheck=recursion,array-temps -fno-second-underscore -Wrealloc-lhs -Wrealloc-lhs-all -fallow-argument-mismatch -fcheck-array-temporaries -Warray-temporaries -fcheck=array-temps -L/opt/gnu/11.2.0/fftw/3.3.10/lib -Wl,-rpath=/opt/gnu/11.2.0/fftw/3.3.10/lib -lfftw3
Parallelisations: MPI
NetCDF support
NetCDF-4 support
NetCDF-4 MPI-IO support
METIS ordering support
Lua support

Runtime information:
* Directory : /home/nicpa/siesta/siesta/Obj/Tests/TranSiesta-TBTrans/ts_n_terminal/work/Elec_ts_n_terminal_elec_z
* Running on 6 nodes in parallel.
>> Start of run:  29-APR-2022  11:06:55

                           *********************** 
                           *  WELCOME TO SIESTA  * 
                           *********************** 

reinit: Reading from file ts_n_terminal_elec_z.fdf

reinit: -----------------------------------------------------------------------
reinit: System Name: 
reinit: -----------------------------------------------------------------------
reinit: System Label: ts_n_terminal_elec_z
reinit: -----------------------------------------------------------------------

initatom: Reading input for the pseudopotentials and atomic orbitals ----------
Species number:   1 Atomic number:    6 Label: C


 ---- Processing specs for species: C
Ground state valence configuration:   2s02  2p02
Reading pseudopotential information in formatted form from C.psf

---- Pseudopotential check for C 

Pseudized shells:
2s( 2.00) rc: 1.49
2p( 2.00) rc: 1.52
3d( 0.00) rc: 1.58
Valence configuration for ps generation: (assumed as above)
relmxkb: Read Max KB Ang. Momentum=    2 for species C

<basis_specs>
===============================================================================
C                    Z=   6    Mass=  12.010        Charge= 0.17977+309
Lmxo=2 Lmxkb= 2    BasisType=split      Semic=F
L=0  Nsemic=0  Cnfigmx=2
          i=1  nzeta=1  polorb=0  (2s)
            splnorm:   0.15000    
               vcte:    0.0000    
               rinn:    0.0000    
               qcoe:    0.0000    
               qyuk:    0.0000    
               qwid:   0.10000E-01
                rcs:    0.0000    
            lambdas:    1.0000    
L=1  Nsemic=0  Cnfigmx=2
          i=1  nzeta=1  polorb=1  (2p)  (to be polarized perturbatively)
            splnorm:   0.15000    
               vcte:    0.0000    
               rinn:    0.0000    
               qcoe:    0.0000    
               qyuk:    0.0000    
               qwid:   0.10000E-01
                rcs:    0.0000    
            lambdas:    1.0000    
L=2  Nsemic=0  Cnfigmx=3
          i=1  nzeta=0  polorb=0  (3d)  (perturbative polarization orbital) (from 2p)
-------------------------------------------------------------------------------
L=0  Nkbl=1  erefs: 0.17977+309
L=1  Nkbl=1  erefs: 0.17977+309
L=2  Nkbl=1  erefs: 0.17977+309
===============================================================================
</basis_specs>

atom: Called for C                     (Z =   6)

read_vps: Pseudopotential generation method:
read_vps: ATM3      Troullier-Martins                       
Valence charge in pseudo generation:    4.00000

xc_check: Exchange-correlation functional:
xc_check: Ceperley-Alder
V l=0 = -2*Zval/r beyond r=  1.4666
V l=1 = -2*Zval/r beyond r=  1.5038
V l=2 = -2*Zval/r beyond r=  1.5612
All V_l potentials equal beyond r=  1.5612
This should be close to max(r_c) in ps generation
All pots = -2*Zval/r beyond r=  1.5612
Using small-core scheme (local charge) for Vlocal

VLOCAL_FROM_CHLOCAL: 99.0% of the norm of Vloc inside     17.809 Ry
VLOCAL_FROM_CHLOCAL: 99.9% of the norm of Vloc inside     40.586 Ry
atom: Maximum radius for chlocal:    1.88329
atom: Maximum radius for r*vlocal+2*Zval:    1.72547

KBgen: Kleinman-Bylander projectors: 
GHOST: No ghost state for L =  0
   l= 0   rc=  1.747182   el= -1.001947   Ekb=  5.181700   kbcos=  0.300603
GHOST: No ghost state for L =  1
   l= 1   rc=  1.747182   el= -0.398598   Ekb= -4.328763   kbcos= -0.367074
GHOST: No ghost state for L =  2
   l= 2   rc=  1.955272   el=  0.002326   Ekb= -1.016175   kbcos= -0.009979

KBgen: Total number of Kleinman-Bylander projectors:   9
atom: -------------------------------------------------------------------------

atom: SANKEY-TYPE ORBITALS:

SPLIT: Orbitals with angular momentum L= 0

SPLIT: Basis orbitals for state 2s

SPLIT: PAO cut-off radius determined from an
SPLIT: energy shift=  0.020212 Ry

   izeta = 1
                 lambda =    1.000000
                     rc =    4.191849
                 energy =   -0.983897
                kinetic =    0.886956
    potential(screened) =   -1.870853
       potential(ionic) =   -5.479661

SPLIT: Orbitals with angular momentum L= 1

SPLIT: Basis orbitals for state 2p

SPLIT: PAO cut-off radius determined from an
SPLIT: energy shift=  0.020212 Ry

   izeta = 1
                 lambda =    1.000000
                     rc =    4.870301
                 energy =   -0.379093
                kinetic =    2.545357
    potential(screened) =   -2.924450
       potential(ionic) =   -6.433151

POLgen: Perturbative polarization orbital with L=  2

POLgen: Polarization orbital for state 2p

   izeta = 1
                     rc =    4.870301
                 energy =    1.280953
                kinetic =    2.629601
    potential(screened) =   -1.348648
       potential(ionic) =   -4.293268
atom: Total number of Sankey-type orbitals:  9

atm_pop: Valence configuration (for local Pseudopot. screening):
 2s( 2.00)                                                            
 2p( 2.00)                                                            
 3d( 0.00)                                                            
Vna: chval, zval:    4.00000   4.00000

Vna:  Cut-off radius for the neutral-atom potential:   4.870301

atom: _________________________________________________________________________

prinput: Basis input 
* WARNING: This information might be incomplete!!!
----------------------------------------------------------

PAO.BasisType split     

%block ChemicalSpeciesLabel
    1    6 C                       # Species index, atomic number, species label
%endblock ChemicalSpeciesLabel

%block PAO.Basis                 # Define Basis set
# WARNING: This information might be incomplete!!!
C                     2                    # Species label, number of l-shells
 n=2   0   1                         # n, l, Nzeta 
   4.192   
   1.000   
 n=2   1   1 P   1                   # n, l, Nzeta, Polarization, NzetaPol
   4.870   
   1.000   
%endblock PAO.Basis

prinput: ----------------------------------------------------------------------

Dumping basis to NetCDF file C.ion.nc
coor:   Atomic-coordinates input format  =     Cartesian coordinates
coor:                                          (in Angstroms)

siesta: System type = chain     

initatomlists: Number of atoms, orbitals, and projectors:      4    36    36

siesta: ******************** Simulation parameters ****************************
siesta:
siesta: The following are some of the parameters of the simulation.
siesta: A complete list of the parameters used, including default values,
siesta: can be found in file out.fdf
siesta:
redata: Spin configuration                          = none
redata: Number of spin components                   = 1
redata: Time-Reversal Symmetry                      = T
redata: Spin spiral                                 = F
redata: Long output                                 =   F
redata: Number of Atomic Species                    =        1
redata: Charge density info will appear in .RHO file
redata: Write Mulliken Pop.                         = Atomic and Orbital charges
redata: Matel table size (NRTAB)                    =     1024
redata: Mesh Cutoff                                 =   250.0000 Ry
redata: Net charge of the system                    =     0.0000 |e|
redata: Min. number of SCF Iter                     =        3
redata: Max. number of SCF Iter                     =      200
redata: SCF convergence failure will abort job
redata: SCF mix quantity                            = Hamiltonian
redata: Mix DM or H after convergence               =   F
redata: Recompute H after scf cycle                 =   F
redata: Mix DM in first SCF step                    =   T
redata: Write Pulay info on disk                    =   F
redata: New DM Occupancy tolerance                  = 0.000000000001
redata: No kicks to SCF
redata: DM Mixing Weight for Kicks                  =     0.5000
redata: Require Harris convergence for SCF          =   F
redata: Harris energy tolerance for SCF             =     0.000100 eV
redata: Require DM convergence for SCF              =   T
redata: DM tolerance for SCF                        =     0.000100
redata: Require EDM convergence for SCF             =   F
redata: EDM tolerance for SCF                       =     0.001000 eV
redata: Require H convergence for SCF               =   T
redata: Hamiltonian tolerance for SCF               =     0.001000 eV
redata: Require (free) Energy convergence for SCF   =   F
redata: (free) Energy tolerance for SCF             =     0.000100 eV
redata: Using Saved Data (generic)                  =   F
redata: Use continuation files for DM               =   T
redata: Neglect nonoverlap interactions             =   F
redata: Method of Calculation                       = Diagonalization
redata: Electronic Temperature                      =   299.9978 K
redata: Fix the spin of the system                  =   F
redata: Max. number of TDED Iter                    =        1
redata: Number of TDED substeps                     =        3
redata: Dynamics option                             = Single-point calculation
mix.SCF: Pulay mixing                            = Pulay
mix.SCF:    Variant                              = stable
mix.SCF:    History steps                        = 6
mix.SCF:    Linear mixing weight                 =     0.050000
mix.SCF:    Mixing weight                        =     0.050000
mix.SCF:    SVD condition                        = 0.1000E-07
redata: Save all siesta data in one NC              =   F
redata: ***********************************************************************

%block SCF.Mixers
  Pulay
%endblock SCF.Mixers

%block SCF.Mixer.Pulay
  # Mixing method
  method pulay
  variant stable

  # Mixing options
  weight 0.0500
  weight.linear 0.0500
  history 6
%endblock SCF.Mixer.Pulay

DM_history_depth set to one: no extrapolation allowed by default for geometry relaxation
Size of DM history Fstack: 1
Total number of electrons:    16.000000
Total ionic charge:    16.000000

* ProcessorY, Blocksize:    3   6


* Orbital distribution balance (max,min):     6     6

k-point displ. along   1 input, could be:     0.00    0.50
 Kpoints in:           51 . Kpoints trimmed:           51

siesta: k-grid: Number of k-points =        51
siesta: k-points from Monkhorst-Pack grid
siesta: k-cutoff (effective) =     6.000 Ang
siesta: k-point supercell and displacements
siesta: k-grid:  100   0   0      0.000
siesta: k-grid:    0   1   0      0.000
siesta: k-grid:    0   0   1      0.000

diag: Algorithm                                     = D&C
diag: Parallel over k                               =   F
diag: Use parallel 2D distribution                  =   T
diag: Parallel block-size                           = 6
diag: Parallel distribution                         =     2 x     3
diag: Used triangular part                          = Lower
diag: Absolute tolerance                            =  0.100E-15
diag: Orthogonalization factor                      =  0.100E-05
diag: Memory factor                                 =  1.0000

superc: Internal auxiliary supercell:     3 x     1 x     1  =       3
superc: Number of atoms, orbitals, and projectors:     12    108    108


ts: **************************************************************
ts: Save H and S matrices                           =    T
ts: Save DM and EDM matrices                        =    T
ts: Only save the overlap matrix S                  =    F
ts: **************************************************************

************************ Begin: TS CHECKS AND WARNINGS ************************
************************ End: TS CHECKS AND WARNINGS **************************


                     ====================================
                        Single-point calculation
                     ====================================

superc: Internal auxiliary supercell:     3 x     1 x     1  =       3
superc: Number of atoms, orbitals, and projectors:     12    108    108

outcell: Unit cell vectors (Ang):
        0.000000    0.000000    5.080000
        0.000000   12.000000    0.000000
       12.000000    0.000000    0.000000

outcell: Cell vector modules (Ang)   :    5.080000   12.000000   12.000000
outcell: Cell angles (23,13,12) (deg):     90.0000     90.0000     90.0000
outcell: Cell volume (Ang**3)        :    731.5200
<dSpData1D:S at geom step 0
  <sparsity:sparsity for geom step 0
    nrows_g=36 nrows=6 sparsity=.3750 nnzs=486, refcount: 7>
  <dData1D:(new from dSpData1D) n=486, refcount: 1>
refcount: 1>
new_DM -- step:     1
Initializing Density Matrix...

Attempting to read DM from file... Failed...
DM filled with atomic data:
<dSpData2D:DM initialized from atoms
  <sparsity:sparsity for geom step 0
    nrows_g=36 nrows=6 sparsity=.3750 nnzs=486, refcount: 8>
  <dData2D:DM n=486 m=1, refcount: 1>
refcount: 1>
No. of atoms with KB's overlaping orbs in proc 0. Max # of overlaps:       5      45

InitMesh: MESH = 50 x 120 x 120 = 720000
InitMesh: (bp) =    25 x    60 x    60 =       90000
InitMesh: Mesh cutoff (required, used) =   250.000   267.741 Ry
New grid distribution [1]: sub = 2
           1       1:   25    1:   20    1:   30
           2       1:   25    1:   20   31:   60
           3       1:   25   21:   40    1:   30
           4       1:   25   21:   40   31:   60
           5       1:   25   41:   60    1:   30
           6       1:   25   41:   60   31:   60
ExtMesh (bp) on 0 =    77 x    72 x    82 =      454608
New grid distribution [2]: sub = 2
           1       1:   25    1:    6    1:   11
           2       1:   25    1:    6   12:   60
           3       1:   25    7:   60    1:    4
           4       1:   25    7:   60   12:   56
           5       1:   25    7:   60    5:   11
           6       1:   25    7:   60   57:   60
New grid distribution [3]: sub = 2
           1       1:   25    1:    7    1:   13
           2       1:   25    1:    7   14:   60
           3       1:   25    8:   60    1:    5
           4       1:   25    8:   60   14:   55
           5       1:   25    8:   60    6:   13
           6       1:   25    8:   60   56:   60
Setting up quadratic distribution...
ExtMesh (bp) on 0 =    77 x    58 x    63 =      281358
PhiOnMesh: Number of (b)points on node 0 =                 1650
PhiOnMesh: nlist on node 0 =                51001
cdiag-debug: jobz=V, algo= 1, Node=    1, work=         324, rwork=         973, iwork=         278
cdiag-debug: jobz=V, algo= 1, Node=    2, work=         324, rwork=         973, iwork=         278
cdiag-debug: jobz=V, algo= 1, Node=    3, work=         324, rwork=         973, iwork=         278
cdiag-debug: jobz=V, algo= 1, Node=    4, work=         324, rwork=         973, iwork=         278
cdiag-debug: jobz=V, algo= 1, Node=    5, work=         324, rwork=         973, iwork=         278
cdiag-debug: jobz=V, algo= 1, Node=    0, work=         324, rwork=         973, iwork=         278

stepf: Fermi-Dirac step function

siesta: Program's energy decomposition (eV):
siesta: Ebs     =      -243.034781
siesta: Eions   =       997.139937
siesta: Ena     =       201.605307
siesta: Ekin    =       402.144157
siesta: Enl     =       -51.906752
siesta: Eso     =         0.000000
siesta: Edftu   =         0.000000
siesta: DEna    =        11.744887
siesta: DUscf   =         0.864400
siesta: DUext   =         0.000000
siesta: Ex      =      -154.987585
siesta: Ec      =       -23.147525
siesta: Exc     =      -178.135110
siesta: eta*DQ  =         0.000000
siesta: Emadel  =         0.000000
siesta: Emeta   =         0.000000
siesta: Emolmec =         0.000000
siesta: Ekinion =         0.000000
siesta: Eharris =      -613.294459
siesta: Etot    =      -610.823047
siesta: FreeEng =      -610.824881

        iscf     Eharris(eV)        E_KS(eV)     FreeEng(eV)     dDmax    Ef(eV) dHmax(eV)
   scf:    1     -613.294459     -610.823047     -610.824881  1.548813 -5.914667  0.952347
timer: Routine,Calls,Time,% = IterSCF        1       0.452  40.48
   scf:    2     -610.824151     -610.823599     -610.825434  0.000418 -5.961603  0.903168
   scf:    3     -610.833276     -610.828525     -610.830373  0.007673 -6.824398  0.008502
   scf:    4     -610.828533     -610.828534     -610.830382  0.000570 -6.826885  0.004390
   scf:    5     -610.828493     -610.828526     -610.830375  0.001036 -6.837326  0.013463
   scf:    6     -610.828545     -610.828539     -610.830387  0.000550 -6.830356  0.002205
mix: Pulay -- inversion failed, > SVD [rank/size] 3 / 5
   scf:    7     -610.828540     -610.828539     -610.830388  0.000105 -6.829027  0.000063
mix: Pulay -- inversion failed, > SVD [rank/size] 3 / 5
   scf:    8     -610.828539     -610.828539     -610.830388  0.000000 -6.829025  0.000060

SCF Convergence by DM+H criterion
max |DM_out - DM_in|         :     0.0000001945
max |H_out - H_in|      (eV) :     0.0000598499
SCF cycle converged after 8 iterations

Using DM_out to compute the final energy and forces
No. of atoms with KB's overlaping orbs in proc 0. Max # of overlaps:       5      45

siesta: E_KS(eV) =             -610.8285

siesta: E_KS - E_eggbox =      -610.8285

siesta: Atomic forces (eV/Ang):
     1    0.000000    0.000000   -0.000000
     2   -0.000000    0.000000    0.000000
     3    0.000000   -0.000000   -0.000000
     4   -0.000000   -0.000000    0.000000
----------------------------------------
   Tot   -0.000000   -0.000000    0.000000
----------------------------------------
   Max    0.000000
   Res    0.000000    sqrt( Sum f_i^2 / 3N )
----------------------------------------
   Max    0.000000    constrained

Stress tensor Voigt[x,y,z,yz,xz,xy] (kbar):        0.00        0.00      -31.47        0.00        0.00       -0.00
(Free)E + p*V (eV/cell)     -606.0417
Target enthalpy (eV/cell)     -610.8304

mulliken: Atomic and Orbital Populations:

Species: C                   
Atom  Qatom  Qorb
               2s      2py     2pz     2px     3Pdxy   3Pdyz   3Pdz2   3Pdxz   
               3Pdx2-y2
   1  4.000   0.899   0.983   1.085   0.983  -0.000   0.017   0.016   0.017
              0.000
   2  4.000   0.900   0.982   1.085   0.982   0.000   0.018   0.016   0.018
              0.000
   3  4.000   0.899   0.983   1.085   0.983   0.000   0.017   0.016   0.017
              0.000
   4  4.000   0.900   0.982   1.085   0.982   0.000   0.018   0.016   0.018
              0.000

mulliken: Qtot =       16.000

siesta: Program's energy decomposition (eV):
siesta: Ebs     =      -242.581712
siesta: Eions   =       997.139937
siesta: Ena     =       201.605307
siesta: Ekin    =       402.900143
siesta: Enl     =       -52.128136
siesta: Eso     =         0.000000
siesta: Edftu   =         0.000000
siesta: DEna    =        11.305155
siesta: DUscf   =         0.837174
siesta: DUext   =         0.000000
siesta: Ex      =      -155.056910
siesta: Ec      =       -23.151336
siesta: Exc     =      -178.208245
siesta: eta*DQ  =         0.000000
siesta: Emadel  =         0.000000
siesta: Emeta   =         0.000000
siesta: Emolmec =         0.000000
siesta: Ekinion =         0.000000
siesta: Eharris =      -610.828539
siesta: Etot    =      -610.828539
siesta: FreeEng =      -610.830388

siesta: Final energy (eV):
siesta:  Band Struct. =    -242.581712
siesta:       Kinetic =     402.900143
siesta:       Hartree =    1026.419724
siesta:       Edftu   =       0.000000
siesta:       Eso     =       0.000000
siesta:    Ext. field =       0.000000
siesta:         Exch. =    -155.056910
siesta:         Corr. =     -23.151336
siesta:   Exch.-corr. =    -178.208245
siesta:  Ion-electron =   -2465.388864
siesta:       Ion-ion =     603.448703
siesta:       Ekinion =       0.000000
siesta:         Total =    -610.828539
siesta:         Fermi =      -6.829025

siesta: Stress tensor (static) (eV/Ang**3):
siesta:     0.000003    0.000000    0.000000
siesta:    -0.000000    0.000003   -0.000000
siesta:     0.000000    0.000000   -0.019645

siesta: Cell volume =        731.520000 Ang**3

siesta: Pressure (static):
siesta:                Solid            Molecule  Units
siesta:           0.00007130          0.00007130  Ry/Bohr**3
siesta:           0.00654617          0.00654617  eV/Ang**3
siesta:          10.48823677         10.48823676  kBar
(Free)E+ p_basis*V_orbitals  =        -609.886016
(Free)Eharris+ p_basis*V_orbitals  =        -609.886016

siesta: Electric dipole (a.u.)  =    0.000000    0.000000   -0.000000
siesta: Electric dipole (Debye) =    0.000000    0.000000   -0.000000

cite: Please see "ts_n_terminal_elec_z.bib" for an exhaustive BiBTeX file.
cite: Please clearly indicate Siesta version in published work: 5.0.0-alpha-56-g943f9ccc9
cite: This calculation has made use of the following articles
cite: which are encouraged to be cited in a published work.
        Primary SIESTA paper
          DOI: www.doi.org/10.1088/0953-8984/14/11/302


>> End of run:  29-APR-2022  11:06:59
Job completed
